 index

 Timestamp is 5b503927 (Thu Jul 19 15:09:27 2018)

 Preferred load address is 0000000180000000

 Start         Length     Name                   Class
 0001:00000000 00000033H .text$di                CODE
 0001:00000040 0000c4a3H .text$mn                CODE
 0001:0000c4f0 00000277H .text$x                 CODE
 0001:0000c770 00000000H .text$yd                CODE
 0002:00000000 00000240H .idata$5                DATA
 0002:00000240 00000008H .CRT$XCA                DATA
 0002:00000248 00000028H .CRT$XCU                DATA
 0002:00000270 00000008H .CRT$XCZ                DATA
 0002:00000278 00000008H .CRT$XIA                DATA
 0002:00000280 00000020H .CRT$XIC                DATA
 0002:000002a0 00000008H .CRT$XIZ                DATA
 0002:000002a8 00000008H .CRT$XPA                DATA
 0002:000002b0 00000010H .CRT$XPX                DATA
 0002:000002c0 00000008H .CRT$XPXA               DATA
 0002:000002c8 00000008H .CRT$XPZ                DATA
 0002:000002d0 00000008H .CRT$XTA                DATA
 0002:000002d8 00000008H .CRT$XTZ                DATA
 0002:000002e0 00006fd0H .rdata                  DATA
 0002:000072b0 0000005cH .rdata$debug            DATA
 0002:00007310 000002fcH .rdata$r                DATA
 0002:00007610 00000008H .rtc$IAA                DATA
 0002:00007618 00000008H .rtc$IZZ                DATA
 0002:00007620 00000008H .rtc$TAA                DATA
 0002:00007628 00000008H .rtc$TZZ                DATA
 0002:00007630 0000098cH .xdata                  DATA
 0002:00007fc0 0000017cH .xdata$x                DATA
 0002:0000813c 00000020H .didat$2                DATA
 0002:0000815c 00000020H .didat$3                DATA
 0002:00008180 00000068H .didat$4                DATA
 0002:000081e8 0000031cH .didat$6                DATA
 0002:00008508 00000068H .didat$7                DATA
 0002:00008570 0000004eH .edata                  DATA
 0002:000085c0 00000014H .idata$2                DATA
 0002:000085d4 00000014H .idata$3                DATA
 0002:000085e8 00000240H .idata$4                DATA
 0002:00008828 00000542H .idata$6                DATA
 0003:00000000 00001808H .data                   DATA
 0003:00001808 000000e8H .data$r                 DATA
 0003:000018f0 00000068H .didat$5                DATA
 0003:00001960 00002498H .bss                    DATA
 0004:00000000 00000ae0H .pdata                  DATA
 0005:00000000 00000058H .rsrc$01                DATA
 0005:00000060 00000180H .rsrc$02                DATA

  Address         Publics by Value              Rva+Base               Lib:Object

 0000:00000000       ___safe_se_handler_table   0000000000000000     <absolute>
 0000:00000000       __guard_fids_count         0000000000000000     <absolute>
 0000:00000000       __guard_fids_table         0000000000000000     <absolute>
 0000:00000000       ___safe_se_handler_count   0000000000000000     <absolute>
 0000:00000000       __guard_flags              0000000000000000     <absolute>
 0000:00000000       __ImageBase                0000000180000000     <linker-defined>
 0001:00000040       ?NODE_SET_METHOD@node@@YAXV?$Local@VObject@v8@@@v8@@PEBDP6AXAEBV?$FunctionCallbackInfo@VValue@v8@@@3@@Z@Z 0000000180001040 f i index.obj
 0001:00000110       ?stringToUTF8@usbDiskTool@@YA?AV?$basic_string@DU?$char_traits@D@std@@V?$allocator@D@2@@std@@AEBV23@@Z 0000000180001110 f   index.obj
 0001:00000290       ?getUsbFlashDisks@usbDiskTool@@YAXAEBV?$FunctionCallbackInfo@VValue@v8@@@v8@@@Z 0000000180001290 f   index.obj
 0001:000008b0       ?init@usbDiskTool@@YAXV?$Local@VObject@v8@@@v8@@@Z 00000001800018b0 f   index.obj
 0001:000008d0       ?assign@?$basic_string@DU?$char_traits@D@std@@V?$allocator@D@2@@std@@QEAAAEAV12@AEBV12@_K1@Z 00000001800018d0 f i index.obj
 0001:00000a00       ?assign@?$basic_string@DU?$char_traits@D@std@@V?$allocator@D@2@@std@@QEAAAEAV12@PEBD_K@Z 0000000180001a00 f i index.obj
 0001:00000b40       ?erase@?$basic_string@DU?$char_traits@D@std@@V?$allocator@D@2@@std@@QEAAAEAV12@_K0@Z 0000000180001b40 f i index.obj
 0001:00000c10       ?_Destroy@?$vector@U?$pair@V?$basic_string@DU?$char_traits@D@std@@V?$allocator@D@2@@std@@V12@@std@@V?$allocator@U?$pair@V?$basic_string@DU?$char_traits@D@std@@V?$allocator@D@2@@std@@V12@@std@@@2@@std@@IEAAXPEAU?$pair@V?$basic_string@DU?$char_traits@D@std@@V?$allocator@D@2@@std@@V12@@2@0@Z 0000000180001c10 f i index.obj
 0001:00000c90       ?_Reallocate@?$vector@U?$pair@V?$basic_string@DU?$char_traits@D@std@@V?$allocator@D@2@@std@@V12@@std@@V?$allocator@U?$pair@V?$basic_string@DU?$char_traits@D@std@@V?$allocator@D@2@@std@@V12@@std@@@2@@std@@IEAAX_K@Z 0000000180001c90 f i index.obj
 0001:00000d70       ?_Copy@?$basic_string@DU?$char_traits@D@std@@V?$allocator@D@2@@std@@QEAAX_K0@Z 0000000180001d70 f i index.obj
 0001:00000e60       ??$?0V?$basic_string@DU?$char_traits@D@std@@V?$allocator@D@2@@std@@V01@X@?$pair@V?$basic_string@DU?$char_traits@D@std@@V?$allocator@D@2@@std@@V12@@std@@QEAA@$$QEAU01@@Z 0000000180001e60 f i index.obj
 0001:00000f8c       __imp_load_node_module_register 0000000180001f8c f   node:node.exe
 0001:00000f98       __tailMerge_node_exe       0000000180001f98 f i node:node.exe
 0001:00001011       __imp_load_?GetFunction@FunctionTemplate@v8@@QEAA?AV?$Local@VFunction@v8@@@2@XZ 0000000180002011 f   node:node.exe
 0001:0000101d       __imp_load_?New@FunctionTemplate@v8@@SA?AV?$Local@VFunctionTemplate@v8@@@2@PEAVIsolate@2@P6AXAEBV?$FunctionCallbackInfo@VValue@v8@@@2@@ZV?$Local@VValue@v8@@@2@V?$Local@VSignature@v8@@@2@HW4ConstructorBehavior@2@@Z 000000018000201d f   node:node.exe
 0001:00001029       __imp_load_?NewFromUtf8@String@v8@@SA?AV?$Local@VString@v8@@@2@PEAVIsolate@2@PEBDW4NewStringType@12@H@Z 0000000180002029 f   node:node.exe
 0001:00001035       __imp_load_?New@Array@v8@@SA?AV?$Local@VArray@v8@@@2@PEAVIsolate@2@H@Z 0000000180002035 f   node:node.exe
 0001:00001041       __imp_load_??1HandleScope@v8@@QEAA@XZ 0000000180002041 f   node:node.exe
 0001:0000104d       __imp_load_??0HandleScope@v8@@QEAA@PEAVIsolate@1@@Z 000000018000204d f   node:node.exe
 0001:00001059       __imp_load_?New@Object@v8@@SA?AV?$Local@VObject@v8@@@2@PEAVIsolate@2@@Z 0000000180002059 f   node:node.exe
 0001:00001065       __imp_load_?Set@Object@v8@@QEAA_NV?$Local@VValue@v8@@@2@0@Z 0000000180002065 f   node:node.exe
 0001:00001071       __imp_load_?Set@Object@v8@@QEAA_NIV?$Local@VValue@v8@@@2@@Z 0000000180002071 f   node:node.exe
 0001:0000107d       __imp_load_?SetName@Function@v8@@QEAAXV?$Local@VString@v8@@@2@@Z 000000018000207d f   node:node.exe
 0001:00001089       __imp_load_?GetCurrent@Isolate@v8@@SAPEAV12@XZ 0000000180002089 f   node:node.exe
 0001:00001098       ??0bad_alloc@std@@QEAA@AEBV01@@Z 0000000180002098 f i libcpmt:xthrow.obj
 0001:000010bc       ??0length_error@std@@QEAA@AEBV01@@Z 00000001800020bc f i libcpmt:xthrow.obj
 0001:000010e0       ??0logic_error@std@@QEAA@AEBV01@@Z 00000001800020e0 f i libcpmt:xthrow.obj
 0001:00001104       ??0out_of_range@std@@QEAA@AEBV01@@Z 0000000180002104 f i libcpmt:xthrow.obj
 0001:00001128       ??1bad_alloc@std@@UEAA@XZ  0000000180002128 f i libcpmt:xthrow.obj
 0001:00001138       ??1length_error@std@@UEAA@XZ 0000000180002138 f i libcpmt:xthrow.obj
 0001:00001138       ??1out_of_range@std@@UEAA@XZ 0000000180002138 f i libcpmt:xthrow.obj
 0001:00001140       ??_Gbad_alloc@std@@UEAAPEAXI@Z 0000000180002140 f i libcpmt:xthrow.obj
 0001:00001140       ??_Ebad_alloc@std@@UEAAPEAXI@Z 0000000180002140 f i libcpmt:xthrow.obj
 0001:0000117c       ??_Eout_of_range@std@@UEAAPEAXI@Z 000000018000217c f i libcpmt:xthrow.obj
 0001:0000117c       ??_Elogic_error@std@@UEAAPEAXI@Z 000000018000217c f i libcpmt:xthrow.obj
 0001:0000117c       ??_Elength_error@std@@UEAAPEAXI@Z 000000018000217c f i libcpmt:xthrow.obj
 0001:0000117c       ??_Glogic_error@std@@UEAAPEAXI@Z 000000018000217c f i libcpmt:xthrow.obj
 0001:0000117c       ??_Glength_error@std@@UEAAPEAXI@Z 000000018000217c f i libcpmt:xthrow.obj
 0001:0000117c       ??_Gout_of_range@std@@UEAAPEAXI@Z 000000018000217c f i libcpmt:xthrow.obj
 0001:000011ac       ?_Xbad_alloc@std@@YAXXZ    00000001800021ac f   libcpmt:xthrow.obj
 0001:000011f0       ?_Xlength_error@std@@YAXPEBD@Z 00000001800021f0 f   libcpmt:xthrow.obj
 0001:00001228       ?_Xout_of_range@std@@YAXPEBD@Z 0000000180002228 f   libcpmt:xthrow.obj
 0001:00001260       ??_U@YAPEAX_K@Z            0000000180002260 f   libcpmt:newaop.obj
 0001:00001280       __security_check_cookie    0000000180002280 f   LIBCMT:amdsecgs.obj
 0001:000012b0       memmove                    00000001800022b0 f   LIBCMT:memcpy.obj
 0001:000012b0       memcpy                     00000001800022b0 f   LIBCMT:memcpy.obj
 0001:00001818       __onexitinit               0000000180002818 f   LIBCMT:onexit.obj
 0001:0000185c       _onexit                    000000018000285c f   LIBCMT:onexit.obj
 0001:00001968       atexit                     0000000180002968 f   LIBCMT:onexit.obj
 0001:00001980       ??_V@YAXPEAX@Z             0000000180002980 f   LIBCMT:delete2.obj
 0001:00001988       ??3@YAXPEAX@Z              0000000180002988 f   LIBCMT:delete.obj
 0001:00001990       ??2@YAPEAX_K@Z             0000000180002990 f   LIBCMT:new.obj
 0001:000019fc       ??0_LocaleUpdate@@QEAA@PEAUlocaleinfo_struct@@@Z 00000001800029fc f i LIBCMT:stricmp.obj
 0001:00001aa4       __ascii_stricmp            0000000180002aa4 f   LIBCMT:stricmp.obj
 0001:00001ae0       _stricmp                   0000000180002ae0 f   LIBCMT:stricmp.obj
 0001:00001b28       _stricmp_l                 0000000180002b28 f   LIBCMT:stricmp.obj
 0001:00001bdc       _CRT_INIT                  0000000180002bdc f   LIBCMT:dllcrt0.obj
 0001:00001d3c       _DllMainCRTStartup         0000000180002d3c f   LIBCMT:dllcrt0.obj
 0001:00001eb0       strlen                     0000000180002eb0 f   LIBCMT:strlen.obj
 0001:00001f58       _CxxThrowException         0000000180002f58 f   LIBCMT:throw.obj
 0001:00002020       ??_Gtype_info@@UEAAPEAXI@Z 0000000180003020 f i LIBCMT:typinfo.obj
 0001:00002020       ??_Etype_info@@UEAAPEAXI@Z 0000000180003020 f i LIBCMT:typinfo.obj
 0001:0000205c       _fpmath                    000000018000305c f   LIBCMT:fpinit.obj
 0001:00002064       _cfltcvt_init              0000000180003064 f   LIBCMT:fpinit.obj
 0001:000020ec       ??0exception@std@@QEAA@AEBQEBD@Z 00000001800030ec f   LIBCMT:stdexcpt.obj
 0001:0000211c       ??0exception@std@@QEAA@AEBQEBDH@Z 000000018000311c f   LIBCMT:stdexcpt.obj
 0001:00002138       ??0exception@std@@QEAA@AEBV01@@Z 0000000180003138 f   LIBCMT:stdexcpt.obj
 0001:00002164       ??1exception@std@@UEAA@XZ  0000000180003164 f   LIBCMT:stdexcpt.obj
 0001:00002174       ??4exception@std@@QEAAAEAV01@AEBV01@@Z 0000000180003174 f   LIBCMT:stdexcpt.obj
 0001:000021b8       ??_Eexception@std@@UEAAPEAXI@Z 00000001800031b8 f i LIBCMT:stdexcpt.obj
 0001:000021b8       ??_Gexception@std@@UEAAPEAXI@Z 00000001800031b8 f i LIBCMT:stdexcpt.obj
 0001:000021f4       ?_Copy_str@exception@std@@AEAAXPEBD@Z 00000001800031f4 f   LIBCMT:stdexcpt.obj
 0001:00002250       ?_Tidy@exception@std@@AEAAXXZ 0000000180003250 f   LIBCMT:stdexcpt.obj
 0001:00002278       ?what@exception@std@@UEBAPEBDXZ 0000000180003278 f   LIBCMT:stdexcpt.obj
 0001:0000228c       __raise_securityfailure    000000018000328c f   LIBCMT:gs_report.obj
 0001:000022d8       __report_gsfailure         00000001800032d8 f   LIBCMT:gs_report.obj
 0001:000023ac       __isa_available_init       00000001800033ac f   LIBCMT:cpu_disp.obj
 0001:00002550       __crtCorExitProcess        0000000180003550 f   LIBCMT:crt0dat.obj
 0001:00002594       __crtExitProcess           0000000180003594 f   LIBCMT:crt0dat.obj
 0001:000025ac       __freeCrtMemory            00000001800035ac f   LIBCMT:crt0dat.obj
 0001:000026f4       _amsg_exit                 00000001800036f4 f   LIBCMT:crt0dat.obj
 0001:0000271c       _cexit                     000000018000371c f   LIBCMT:crt0dat.obj
 0001:0000272c       _cinit                     000000018000372c f   LIBCMT:crt0dat.obj
 0001:000027c4       _exit                      00000001800037c4 f   LIBCMT:crt0dat.obj
 0001:000027d0       _init_pointers             00000001800037d0 f   LIBCMT:crt0dat.obj
 0001:0000287c       _initterm_e                000000018000387c f   LIBCMT:crt0dat.obj
 0001:000028b8       _lockexit                  00000001800038b8 f   LIBCMT:crt0dat.obj
 0001:000028c4       _unlockexit                00000001800038c4 f   LIBCMT:crt0dat.obj
 0001:00002a68       _msize                     0000000180003a68 f   LIBCMT:msize.obj
 0001:00002aa4       _calloc_crt                0000000180003aa4 f   LIBCMT:crtheap.obj
 0001:00002b24       _malloc_crt                0000000180003b24 f   LIBCMT:crtheap.obj
 0001:00002ba0       _realloc_crt               0000000180003ba0 f   LIBCMT:crtheap.obj
 0001:00002c24       __C_specific_handler       0000000180003c24 f   LIBCMT:chandler.obj
 0001:00002e08       abort                      0000000180003e08 f   LIBCMT:abort.obj
 0001:00002e60       _initp_misc_purevirt       0000000180003e60 f   LIBCMT:inithelp.obj
 0001:00002e68       free                       0000000180003e68 f   LIBCMT:free.obj
 0001:00002ea8       malloc                     0000000180003ea8 f   LIBCMT:malloc.obj
 0001:00002f60       _callnewh                  0000000180003f60 f   LIBCMT:handler.obj
 0001:00002f94       _initp_heap_handler        0000000180003f94 f   LIBCMT:handler.obj
 0001:00002f9c       _call_reportfault          0000000180003f9c f   LIBCMT:invarg.obj
 0001:00003090       _initp_misc_invarg         0000000180004090 f   LIBCMT:invarg.obj
 0001:00003098       _invalid_parameter         0000000180004098 f   LIBCMT:invarg.obj
 0001:00003100       _invalid_parameter_noinfo  0000000180004100 f   LIBCMT:invarg.obj
 0001:00003120       _invoke_watson             0000000180004120 f   LIBCMT:invarg.obj
 0001:0000315c       __addlocaleref             000000018000415c f   LIBCMT:localref.obj
 0001:000031e8       __freetlocinfo             00000001800041e8 f   LIBCMT:localref.obj
 0001:00003380       __removelocaleref          0000000180004380 f   LIBCMT:localref.obj
 0001:00003424       __updatetlocinfo           0000000180004424 f   LIBCMT:localref.obj
 0001:0000349c       _updatetlocinfoEx_nolock   000000018000449c f   LIBCMT:localref.obj
 0001:00003500       __initmbctable             0000000180004500 f   LIBCMT:mbctype.obj
 0001:0000381c       __updatetmbcinfo           000000018000481c f   LIBCMT:mbctype.obj
 0001:000038d8       _setmbcp                   00000001800048d8 f   LIBCMT:mbctype.obj
 0001:00003b1c       _setmbcp_nolock            0000000180004b1c f   LIBCMT:mbctype.obj
 0001:00003dcc       _tolower_l                 0000000180004dcc f   LIBCMT:tolower.obj
 0001:00003f20       tolower                    0000000180004f20 f   LIBCMT:tolower.obj
 0001:00003f40       _freefls                   0000000180004f40 f   LIBCMT:tidtable.obj
 0001:00004074       _freeptd                   0000000180005074 f   LIBCMT:tidtable.obj
 0001:000040b0       _getptd                    00000001800050b0 f   LIBCMT:tidtable.obj
 0001:000040d4       _getptd_noexit             00000001800050d4 f   LIBCMT:tidtable.obj
 0001:00004158       _initptd                   0000000180005158 f   LIBCMT:tidtable.obj
 0001:0000421c       _mtinit                    000000018000521c f   LIBCMT:tidtable.obj
 0001:0000429c       _mtterm                    000000018000529c f   LIBCMT:tidtable.obj
 0001:000042c0       __doserrno                 00000001800052c0 f   LIBCMT:dosmap.obj
 0001:000042e0       _dosmaperr                 00000001800052e0 f   LIBCMT:dosmap.obj
 0001:00004330       _errno                     0000000180005330 f   LIBCMT:dosmap.obj
 0001:00004350       _get_errno_from_oserr      0000000180005350 f   LIBCMT:dosmap.obj
 0001:000043a0       _locterm                   00000001800053a0 f   LIBCMT:wsetloca.obj
 0001:000043e8       _XcptFilter                00000001800053e8 f   LIBCMT:winxfltr.obj
 0001:000045b4       __CppXcptFilter            00000001800055b4 f   LIBCMT:winxfltr.obj
 0001:000045c8       _heap_init                 00000001800055c8 f   LIBCMT:heapinit.obj
 0001:000045e8       _heap_term                 00000001800055e8 f   LIBCMT:heapinit.obj
 0001:000045f4       _ioinit                    00000001800055f4 f   LIBCMT:ioinit.obj
 0001:00004924       _ioterm                    0000000180005924 f   LIBCMT:ioinit.obj
 0001:00004998       _setargv                   0000000180005998 f   LIBCMT:stdargv.obj
 0001:00004c54       _setenvp                   0000000180005c54 f   LIBCMT:stdenvp.obj
 0001:00004d88       __security_init_cookie     0000000180005d88 f   LIBCMT:gs_support.obj
 0001:00004e34       DllMain                    0000000180005e34 f   LIBCMT:dllmain.obj
 0001:00004e3c       __crtGetEnvironmentStringsA 0000000180005e3c f   LIBCMT:a_env.obj
 0001:00004f30       __crtCaptureCurrentContext 0000000180005f30 f   LIBCMT:winapisupp.obj
 0001:00004fa0       __crtCapturePreviousContext 0000000180005fa0 f   LIBCMT:winapisupp.obj
 0001:00005014       __crtFlsAlloc              0000000180006014 f   LIBCMT:winapisupp.obj
 0001:00005030       __crtFlsFree               0000000180006030 f   LIBCMT:winapisupp.obj
 0001:0000504c       __crtFlsGetValue           000000018000604c f   LIBCMT:winapisupp.obj
 0001:00005068       __crtFlsSetValue           0000000180006068 f   LIBCMT:winapisupp.obj
 0001:00005084       __crtInitializeCriticalSectionEx 0000000180006084 f   LIBCMT:winapisupp.obj
 0001:000050b0       __crtIsPackagedApp         00000001800060b0 f   LIBCMT:winapisupp.obj
 0001:000050fc       __crtLoadWinApiPointers    00000001800060fc f   LIBCMT:winapisupp.obj
 0001:000054f8       __crtSleep                 00000001800064f8 f   LIBCMT:winapisupp.obj
 0001:00005500       __crtTerminateProcess      0000000180006500 f   LIBCMT:winapisupp.obj
 0001:00005520       __crtUnhandledException    0000000180006520 f   LIBCMT:winapisupp.obj
 0001:00005540       _RTC_Initialize            0000000180006540 f   LIBCMT:initsect.obj
 0001:00005578       _RTC_Terminate             0000000180006578 f   LIBCMT:initsect.obj
 0001:000055b0       __DestructExceptionObject  00000001800065b0 f   LIBCMT:frame.obj
 0001:00005620       ?terminate@@YAXXZ          0000000180006620 f   LIBCMT:hooks.obj
 0001:00005640       _initp_eh_hooks            0000000180006640 f   LIBCMT:hooks.obj
 0001:00005660       __GSHandlerCheck           0000000180006660 f   LIBCMT:gshandler.obj
 0001:00005680       __GSHandlerCheckCommon     0000000180006680 f   LIBCMT:gshandler.obj
 0001:00005700       strcmp                     0000000180006700 f   LIBCMT:strcmp.obj
 0001:00005768       ?_Type_info_dtor@type_info@@CAXPEAV1@@Z 0000000180006768 f   LIBCMT:typname.obj
 0001:000057d4       _cfltcvt                   00000001800067d4 f   LIBCMT:cvt.obj
 0001:000057f8       _cfltcvt_l                 00000001800067f8 f   LIBCMT:cvt.obj
 0001:00005878       _cftoa_l                   0000000180006878 f   LIBCMT:cvt.obj
 0001:00005e24       _cftoe_l                   0000000180006e24 f   LIBCMT:cvt.obj
 0001:00006080       _cftof_l                   0000000180007080 f   LIBCMT:cvt.obj
 0001:00006154       _cftog_l                   0000000180007154 f   LIBCMT:cvt.obj
 0001:00006288       _cropzeros                 0000000180007288 f   LIBCMT:cvt.obj
 0001:00006290       _cropzeros_l               0000000180007290 f   LIBCMT:cvt.obj
 0001:00006328       _fassign                   0000000180007328 f   LIBCMT:cvt.obj
 0001:00006330       _fassign_l                 0000000180007330 f   LIBCMT:cvt.obj
 0001:00006370       _forcdecpt                 0000000180007370 f   LIBCMT:cvt.obj
 0001:00006378       _forcdecpt_l               0000000180007378 f   LIBCMT:cvt.obj
 0001:000063f8       _positive                  00000001800073f8 f   LIBCMT:cvt.obj
 0001:0000640c       _initp_misc_cfltcvt_tab    000000018000740c f   LIBCMT:cmiscdat.obj
 0001:00006448       strcpy_s                   0000000180007448 f   LIBCMT:strcpy_s.obj
 0001:000064ac       __crt_debugger_hook        00000001800074ac f   LIBCMT:dbghook.obj
 0001:000064b4       _lock                      00000001800074b4 f   LIBCMT:mlock.obj
 0001:000064f8       _mtdeletelocks             00000001800074f8 f   LIBCMT:mlock.obj
 0001:00006580       _mtinitlocknum             0000000180007580 f   LIBCMT:mlock.obj
 0001:00006640       _mtinitlocks               0000000180007640 f   LIBCMT:mlock.obj
 0001:000066a4       _unlock                    00000001800076a4 f   LIBCMT:mlock.obj
 0001:000066bc       _FF_MSGBANNER              00000001800076bc f   LIBCMT:crt0msg.obj
 0001:00006700       _GET_RTERRMSG              0000000180007700 f   LIBCMT:crt0msg.obj
 0001:00006730       _NMSG_WRITE                0000000180007730 f   LIBCMT:crt0msg.obj
 0001:000069a0       _FindPESection             00000001800079a0 f   LIBCMT:pesect.obj
 0001:000069f0       _IsNonwritableInCurrentImage 00000001800079f0 f   LIBCMT:pesect.obj
 0001:00006a40       _ValidateImageBase         0000000180007a40 f   LIBCMT:pesect.obj
 0001:00006a70       __get_sigabrt              0000000180007a70 f   LIBCMT:winsig.obj
 0001:00006a80       _initp_misc_winsig         0000000180007a80 f   LIBCMT:winsig.obj
 0001:00006aa0       raise                      0000000180007aa0 f   LIBCMT:winsig.obj
 0001:00006cd4       _initp_misc_rand_s         0000000180007cd4 f   LIBCMT:rand_s.obj
 0001:00006cdc       realloc                    0000000180007cdc f   LIBCMT:realloc.obj
 0001:00006db0       _calloc_impl               0000000180007db0 f   LIBCMT:calloc_impl.obj
 0001:00006e60       _local_unwind              0000000180007e60 f   LIBCMT:jmpuwind.obj
 0001:00006e90       _NLG_Notify                0000000180007e90 f   LIBCMT:jmpuwind.obj
 0001:00006eb0       __NLG_Dispatch2            0000000180007eb0 f   LIBCMT:jmpuwind.obj
 0001:00006ec0       __NLG_Return2              0000000180007ec0 f   LIBCMT:jmpuwind.obj
 0001:00006ec4       GetTableIndexFromLocaleName 0000000180007ec4 f   LIBCMT:winapinls.obj
 0001:00006f50       __crtDownlevelLocaleNameToLCID 0000000180007f50 f   LIBCMT:winapinls.obj
 0001:00006f84       __crtLCMapStringEx         0000000180007f84 f   LIBCMT:winapinls.obj
 0001:00007014       __wcsnicmp_ascii           0000000180008014 f   LIBCMT:winapinls.obj
 0001:00007080       _get_fpsr                  0000000180008080 f   LIBCMT:fpsr.obj
 0001:00007090       _set_fpsr                  0000000180008090 f   LIBCMT:fpsr.obj
 0001:0000709a       _fclrf                     000000018000809a f   LIBCMT:fpsr.obj
 0001:000070ae       _frnd                      00000001800080ae f   LIBCMT:fpsr.obj
 0001:000070e0       memset                     00000001800080e0 f   LIBCMT:memset.obj
 0001:0000730c       __free_lconv_mon           000000018000830c f   LIBCMT:initmon.obj
 0001:00007418       __free_lconv_num           0000000180008418 f   LIBCMT:initnum.obj
 0001:00007484       __free_lc_time             0000000180008484 f   LIBCMT:inittime.obj
 0001:00007b6c       __crtLCMapStringA          0000000180008b6c f   LIBCMT:a_map.obj
 0001:00007d7c       __crtGetStringTypeA        0000000180008d7c f   LIBCMT:a_str.obj
 0001:00007df8       _isctype_l                 0000000180008df8 f   LIBCMT:isctype.obj
 0001:00007ed4       _isleadbyte_l              0000000180008ed4 f i LIBCMT:_wctype.obj
 0001:00007f18       isleadbyte                 0000000180008f18 f i LIBCMT:_wctype.obj
 0001:00007f70       memcmp                     0000000180008f70 f   LIBCMT:memcmp.obj
 0001:00008038       wcscat_s                   0000000180009038 f   LIBCMT:wcscat_s.obj
 0001:000080c0       wcscpy_s                   00000001800090c0 f   LIBCMT:wcscpy_s.obj
 0001:0000812c       wcslen                     000000018000912c f   LIBCMT:wcslen.obj
 0001:00008148       wcsncpy_s                  0000000180009148 f   LIBCMT:wcsncpy_s.obj
 0001:00008214       __initstdio                0000000180009214 f   LIBCMT:_file.obj
 0001:000082ac       __endstdio                 00000001800092ac f   LIBCMT:_file.obj
 0001:000082dc       _lock_file                 00000001800092dc f   LIBCMT:_file.obj
 0001:00008344       _lock_file2                0000000180009344 f   LIBCMT:_file.obj
 0001:00008378       _unlock_file               0000000180009378 f   LIBCMT:_file.obj
 0001:000083c8       _unlock_file2              00000001800093c8 f   LIBCMT:_file.obj
 0001:00008464       _ismbblead                 0000000180009464 f   LIBCMT:ismbbyte.obj
 0001:00008490       _CallSettingFrame          0000000180009490 f   LIBCMT:handlers.obj
 0001:000084d0       _GetNextInstrOffset        00000001800094d0 f   LIBCMT:handlers.obj
 0001:000084d8       isdigit                    00000001800094d8 f i LIBCMT:_ctype.obj
 0001:00008554       strrchr                    0000000180009554 f   LIBCMT:strrchr.obj
 0001:00008698       _fptostr                   0000000180009698 f   LIBCMT:_fptostr.obj
 0001:00008764       __crt_atoflt_l             0000000180009764 f   LIBCMT:atodbl.obj
 0001:00008834       _atodbl_l                  0000000180009834 f   LIBCMT:atodbl.obj
 0001:000088fc       _atoflt_l                  00000001800098fc f   LIBCMT:atodbl.obj
 0001:00008904       __dtold                    0000000180009904 f   LIBCMT:cfout.obj
 0001:000089d4       _fltout2                   00000001800099d4 f   LIBCMT:cfout.obj
 0001:00008a8c       _fptrap                    0000000180009a8c f   LIBCMT:crt0fp.obj
 0001:00008a98       _set_error_mode            0000000180009a98 f   LIBCMT:errmode.obj
 0001:00008ad8       __crtMessageBoxW           0000000180009ad8 f   LIBCMT:crtmboxw.obj
 0001:00008d4c       _fileno                    0000000180009d4c f   LIBCMT:fileno.obj
 0001:00008d74       _isatty                    0000000180009d74 f   LIBCMT:isatty.obj
 0001:00008dd4       _fflush_nolock             0000000180009dd4 f   LIBCMT:fflush.obj
 0001:00008e20       _flush                     0000000180009e20 f   LIBCMT:fflush.obj
 0001:00008e9c       _flushall                  0000000180009e9c f   LIBCMT:fflush.obj
 0001:00008fa0       _alloca_probe              0000000180009fa0 f   LIBCMT:chkstk.obj
 0001:00008fa0       __chkstk                   0000000180009fa0 f   LIBCMT:chkstk.obj
 0001:00008ff0       _fcloseall                 0000000180009ff0 f   LIBCMT:closeall.obj
 0001:00009098       _ld12tod                   000000018000a098 f   LIBCMT:intrncvt.obj
 0001:00009650       _ld12tof                   000000018000a650 f   LIBCMT:intrncvt.obj
 0001:00009c08       __strgtold12_l             000000018000ac08 f   LIBCMT:strgtold.obj
 0001:0000a46c       $I10_OUTPUT                000000018000b46c f   LIBCMT:x10fout.obj
 0001:0000af44       _commit                    000000018000bf44 f   LIBCMT:commit.obj
 0001:0000b01c       _write                     000000018000c01c f   LIBCMT:write.obj
 0001:0000b100       _write_nolock              000000018000c100 f   LIBCMT:write.obj
 0001:0000b8f4       _fclose_nolock             000000018000c8f4 f   LIBCMT:fclose.obj
 0001:0000b970       fclose                     000000018000c970 f   LIBCMT:fclose.obj
 0001:0000b9d8       __mtold12                  000000018000c9d8 f   LIBCMT:mantold.obj
 0001:0000bbfc       __lock_fhandle             000000018000cbfc f   LIBCMT:osfinfo.obj
 0001:0000bc94       _free_osfhnd               000000018000cc94 f   LIBCMT:osfinfo.obj
 0001:0000bd40       _get_osfhandle             000000018000cd40 f   LIBCMT:osfinfo.obj
 0001:0000bdb4       _unlock_fhandle            000000018000cdb4 f   LIBCMT:osfinfo.obj
 0001:0000bde0       _lseeki64_nolock           000000018000cde0 f   LIBCMT:lseeki64.obj
 0001:0000be74       _mbtowc_l                  000000018000ce74 f   LIBCMT:mbtowc.obj
 0001:0000bfc8       mbtowc                     000000018000cfc8 f   LIBCMT:mbtowc.obj
 0001:0000bfd0       _putwch_nolock             000000018000cfd0 f   LIBCMT:putwch.obj
 0001:0000c02c       _close                     000000018000d02c f   LIBCMT:close.obj
 0001:0000c0f0       _close_nolock              000000018000d0f0 f   LIBCMT:close.obj
 0001:0000c1ac       _freebuf                   000000018000d1ac f   LIBCMT:_freebuf.obj
 0001:0000c1e4       __termconout               000000018000d1e4 f   LIBCMT:initcon.obj
 0001:0000c204       __initconout               000000018000d204 f   LIBCMT:initcon.obj
 0001:0000c240       RtlUnwindEx                000000018000d240 f   kernel32:KERNEL32.dll
 0001:0000c246       IsProcessorFeaturePresent  000000018000d246 f   kernel32:KERNEL32.dll
 0001:0000c24c       __delayLoadHelper2         000000018000d24c f   DelayImp:delayhlp.obj
 0002:00000000       __imp_GetDriveTypeA        000000018000e000     kernel32:KERNEL32.dll
 0002:00000008       __imp_WideCharToMultiByte  000000018000e008     kernel32:KERNEL32.dll
 0002:00000010       __imp_GetVolumeInformationA 000000018000e010     kernel32:KERNEL32.dll
 0002:00000018       __imp_MultiByteToWideChar  000000018000e018     kernel32:KERNEL32.dll
 0002:00000020       __imp_GetLogicalDriveStringsA 000000018000e020     kernel32:KERNEL32.dll
 0002:00000028       __imp_GetModuleHandleA     000000018000e028     kernel32:KERNEL32.dll
 0002:00000030       __imp_EncodePointer        000000018000e030     kernel32:KERNEL32.dll
 0002:00000038       __imp_DecodePointer        000000018000e038     kernel32:KERNEL32.dll
 0002:00000040       __imp_GetCommandLineA      000000018000e040     kernel32:KERNEL32.dll
 0002:00000048       __imp_GetCurrentThreadId   000000018000e048     kernel32:KERNEL32.dll
 0002:00000050       __imp_RtlPcToFileHeader    000000018000e050     kernel32:KERNEL32.dll
 0002:00000058       __imp_RaiseException       000000018000e058     kernel32:KERNEL32.dll
 0002:00000060       __imp_RtlLookupFunctionEntry 000000018000e060     kernel32:KERNEL32.dll
 0002:00000068       __imp_RtlUnwindEx          000000018000e068     kernel32:KERNEL32.dll
 0002:00000070       __imp_IsDebuggerPresent    000000018000e070     kernel32:KERNEL32.dll
 0002:00000078       __imp_IsProcessorFeaturePresent 000000018000e078     kernel32:KERNEL32.dll
 0002:00000080       __imp_GetLastError         000000018000e080     kernel32:KERNEL32.dll
 0002:00000088       __imp_ExitProcess          000000018000e088     kernel32:KERNEL32.dll
 0002:00000090       __imp_GetModuleHandleExW   000000018000e090     kernel32:KERNEL32.dll
 0002:00000098       __imp_GetProcAddress       000000018000e098     kernel32:KERNEL32.dll
 0002:000000a0       __imp_HeapSize             000000018000e0a0     kernel32:KERNEL32.dll
 0002:000000a8       __imp_HeapFree             000000018000e0a8     kernel32:KERNEL32.dll
 0002:000000b0       __imp_HeapAlloc            000000018000e0b0     kernel32:KERNEL32.dll
 0002:000000b8       __imp_IsValidCodePage      000000018000e0b8     kernel32:KERNEL32.dll
 0002:000000c0       __imp_GetACP               000000018000e0c0     kernel32:KERNEL32.dll
 0002:000000c8       __imp_GetOEMCP             000000018000e0c8     kernel32:KERNEL32.dll
 0002:000000d0       __imp_GetCPInfo            000000018000e0d0     kernel32:KERNEL32.dll
 0002:000000d8       __imp_SetLastError         000000018000e0d8     kernel32:KERNEL32.dll
 0002:000000e0       __imp_GetProcessHeap       000000018000e0e0     kernel32:KERNEL32.dll
 0002:000000e8       __imp_GetStdHandle         000000018000e0e8     kernel32:KERNEL32.dll
 0002:000000f0       __imp_GetFileType          000000018000e0f0     kernel32:KERNEL32.dll
 0002:000000f8       __imp_DeleteCriticalSection 000000018000e0f8     kernel32:KERNEL32.dll
 0002:00000100       __imp_GetStartupInfoW      000000018000e100     kernel32:KERNEL32.dll
 0002:00000108       __imp_GetModuleFileNameA   000000018000e108     kernel32:KERNEL32.dll
 0002:00000110       __imp_QueryPerformanceCounter 000000018000e110     kernel32:KERNEL32.dll
 0002:00000118       __imp_GetCurrentProcessId  000000018000e118     kernel32:KERNEL32.dll
 0002:00000120       __imp_GetSystemTimeAsFileTime 000000018000e120     kernel32:KERNEL32.dll
 0002:00000128       __imp_GetEnvironmentStringsW 000000018000e128     kernel32:KERNEL32.dll
 0002:00000130       __imp_FreeEnvironmentStringsW 000000018000e130     kernel32:KERNEL32.dll
 0002:00000138       __imp_RtlCaptureContext    000000018000e138     kernel32:KERNEL32.dll
 0002:00000140       __imp_RtlVirtualUnwind     000000018000e140     kernel32:KERNEL32.dll
 0002:00000148       __imp_UnhandledExceptionFilter 000000018000e148     kernel32:KERNEL32.dll
 0002:00000150       __imp_SetUnhandledExceptionFilter 000000018000e150     kernel32:KERNEL32.dll
 0002:00000158       __imp_InitializeCriticalSectionAndSpinCount 000000018000e158     kernel32:KERNEL32.dll
 0002:00000160       __imp_Sleep                000000018000e160     kernel32:KERNEL32.dll
 0002:00000168       __imp_GetCurrentProcess    000000018000e168     kernel32:KERNEL32.dll
 0002:00000170       __imp_TerminateProcess     000000018000e170     kernel32:KERNEL32.dll
 0002:00000178       __imp_TlsAlloc             000000018000e178     kernel32:KERNEL32.dll
 0002:00000180       __imp_TlsGetValue          000000018000e180     kernel32:KERNEL32.dll
 0002:00000188       __imp_TlsSetValue          000000018000e188     kernel32:KERNEL32.dll
 0002:00000190       __imp_TlsFree              000000018000e190     kernel32:KERNEL32.dll
 0002:00000198       __imp_GetModuleHandleW     000000018000e198     kernel32:KERNEL32.dll
 0002:000001a0       __imp_EnterCriticalSection 000000018000e1a0     kernel32:KERNEL32.dll
 0002:000001a8       __imp_LeaveCriticalSection 000000018000e1a8     kernel32:KERNEL32.dll
 0002:000001b0       __imp_WriteFile            000000018000e1b0     kernel32:KERNEL32.dll
 0002:000001b8       __imp_GetModuleFileNameW   000000018000e1b8     kernel32:KERNEL32.dll
 0002:000001c0       __imp_FreeLibrary          000000018000e1c0     kernel32:KERNEL32.dll
 0002:000001c8       __imp_LoadLibraryExW       000000018000e1c8     kernel32:KERNEL32.dll
 0002:000001d0       __imp_HeapReAlloc          000000018000e1d0     kernel32:KERNEL32.dll
 0002:000001d8       __imp_LCMapStringW         000000018000e1d8     kernel32:KERNEL32.dll
 0002:000001e0       __imp_GetStringTypeW       000000018000e1e0     kernel32:KERNEL32.dll
 0002:000001e8       __imp_OutputDebugStringW   000000018000e1e8     kernel32:KERNEL32.dll
 0002:000001f0       __imp_FlushFileBuffers     000000018000e1f0     kernel32:KERNEL32.dll
 0002:000001f8       __imp_GetConsoleCP         000000018000e1f8     kernel32:KERNEL32.dll
 0002:00000200       __imp_GetConsoleMode       000000018000e200     kernel32:KERNEL32.dll
 0002:00000208       __imp_SetStdHandle         000000018000e208     kernel32:KERNEL32.dll
 0002:00000210       __imp_SetFilePointerEx     000000018000e210     kernel32:KERNEL32.dll
 0002:00000218       __imp_WriteConsoleW        000000018000e218     kernel32:KERNEL32.dll
 0002:00000220       __imp_CloseHandle          000000018000e220     kernel32:KERNEL32.dll
 0002:00000228       __imp_CreateFileW          000000018000e228     kernel32:KERNEL32.dll
 0002:00000230       __imp_LoadLibraryExA       000000018000e230     kernel32:KERNEL32.dll
 0002:00000238       \177KERNEL32_NULL_THUNK_DATA 000000018000e238     kernel32:KERNEL32.dll
 0002:00000240       __xc_a                     000000018000e240     LIBCMT:crt0init.obj
 0002:00000268       _register_index_           000000018000e268     index.obj
 0002:00000270       __xc_z                     000000018000e270     LIBCMT:crt0init.obj
 0002:00000278       __xi_a                     000000018000e278     LIBCMT:crt0init.obj
 0002:000002a0       __xi_z                     000000018000e2a0     LIBCMT:crt0init.obj
 0002:000002a8       __xp_a                     000000018000e2a8     LIBCMT:crt0init.obj
 0002:000002c8       __xp_z                     000000018000e2c8     LIBCMT:crt0init.obj
 0002:000002d0       __xt_a                     000000018000e2d0     LIBCMT:crt0init.obj
 0002:000002d8       __xt_z                     000000018000e2d8     LIBCMT:crt0init.obj
 0002:00000320       __sz_node_exe              000000018000e320     node:node.exe
 0002:00000cd0       ??_C@_0BC@CIJDGCDI@permission?5denied?$AA@ 000000018000ecd0     libcpmt:syserror.obj
 0002:00000ce8       ??_C@_0M@MIDIAGJP@file?5exists?$AA@ 000000018000ece8     libcpmt:syserror.obj
 0002:00000cf8       ??_C@_0P@FDINDDOK@no?5such?5device?$AA@ 000000018000ecf8     libcpmt:syserror.obj
 0002:00000d08       ??_C@_0BC@EJHOMAAK@filename?5too?5long?$AA@ 000000018000ed08     libcpmt:syserror.obj
 0002:00000d20       ??_C@_0BI@NGCEHDD@device?5or?5resource?5busy?$AA@ 000000018000ed20     libcpmt:syserror.obj
 0002:00000d38       ??_C@_08GLNPIFBN@io?5error?$AA@ 000000018000ed38     libcpmt:syserror.obj
 0002:00000d48       ??_C@_0BE@JIDOCPHM@directory?5not?5empty?$AA@ 000000018000ed48     libcpmt:syserror.obj
 0002:00000d60       ??_C@_0BB@FCMFBGOM@invalid?5argument?$AA@ 000000018000ed60     libcpmt:syserror.obj
 0002:00000d78       ??_C@_0BD@IJDJKDEA@no?5space?5on?5device?$AA@ 000000018000ed78     libcpmt:syserror.obj
 0002:00000d90       ??_C@_0BK@NDOCBPGE@no?5such?5file?5or?5directory?$AA@ 000000018000ed90     libcpmt:syserror.obj
 0002:00000db0       ??_C@_0BH@KEFGLDAF@function?5not?5supported?$AA@ 000000018000edb0     libcpmt:syserror.obj
 0002:00000dc8       ??_C@_0BC@NJECKMKE@no?5lock?5available?$AA@ 000000018000edc8     libcpmt:syserror.obj
 0002:00000de0       ??_C@_0BC@ENOOLCNF@not?5enough?5memory?$AA@ 000000018000ede0     libcpmt:syserror.obj
 0002:00000df8       ??_C@_0BP@LKNGHENJ@resource?5unavailable?5try?5again?$AA@ 000000018000edf8     libcpmt:syserror.obj
 0002:00000e18       ??_C@_0BC@PPHBOELF@cross?5device?5link?$AA@ 000000018000ee18     libcpmt:syserror.obj
 0002:00000e30       ??_C@_0BD@MOLBPMEA@operation?5canceled?$AA@ 000000018000ee30     libcpmt:syserror.obj
 0002:00000e48       ??_C@_0BE@GHAFMPAH@too?5many?5files?5open?$AA@ 000000018000ee48     libcpmt:syserror.obj
 0002:00000e60       ??_C@_0BC@FNODOBAE@permission_denied?$AA@ 000000018000ee60     libcpmt:syserror.obj
 0002:00000e78       ??_C@_0P@LNDJPBFK@address_in_use?$AA@ 000000018000ee78     libcpmt:syserror.obj
 0002:00000e88       ??_C@_0BG@IPMGOJF@address_not_available?$AA@ 000000018000ee88     libcpmt:syserror.obj
 0002:00000ea0       ??_C@_0BN@LCBDHODA@address_family_not_supported?$AA@ 000000018000eea0     libcpmt:syserror.obj
 0002:00000ec0       ??_C@_0BP@FOJJHMCC@connection_already_in_progress?$AA@ 000000018000eec0     libcpmt:syserror.obj
 0002:00000ee0       ??_C@_0BE@DLHHIBGN@bad_file_descriptor?$AA@ 000000018000eee0     libcpmt:syserror.obj
 0002:00000ef8       ??_C@_0BD@OJMJDIGI@connection_aborted?$AA@ 000000018000eef8     libcpmt:syserror.obj
 0002:00000f10       ??_C@_0BD@NGKCIFEP@connection_refused?$AA@ 000000018000ef10     libcpmt:syserror.obj
 0002:00000f28       ??_C@_0BB@JOANDNCK@connection_reset?$AA@ 000000018000ef28     libcpmt:syserror.obj
 0002:00000f40       ??_C@_0BN@JLJNLKLK@destination_address_required?$AA@ 000000018000ef40     libcpmt:syserror.obj
 0002:00000f60       ??_C@_0M@IJGMGFGP@bad_address?$AA@ 000000018000ef60     libcpmt:syserror.obj
 0002:00000f70       ??_C@_0BB@KKNHPPIN@host_unreachable?$AA@ 000000018000ef70     libcpmt:syserror.obj
 0002:00000f88       ??_C@_0BG@DJGBJIIK@operation_in_progress?$AA@ 000000018000ef88     libcpmt:syserror.obj
 0002:00000fa0       ??_C@_0M@EGEKIIMP@interrupted?$AA@ 000000018000efa0     libcpmt:syserror.obj
 0002:00000fb0       ??_C@_0BB@FFIHMIPJ@invalid_argument?$AA@ 000000018000efb0     libcpmt:syserror.obj
 0002:00000fc8       ??_C@_0BC@FIFLCHLO@already_connected?$AA@ 000000018000efc8     libcpmt:syserror.obj
 0002:00000fe0       ??_C@_0BE@GJJJJDDA@too_many_files_open?$AA@ 000000018000efe0     libcpmt:syserror.obj
 0002:00000ff8       ??_C@_0N@HPMLKHPL@message_size?$AA@ 000000018000eff8     libcpmt:syserror.obj
 0002:00001008       ??_C@_0BC@LEEIKBAL@filename_too_long?$AA@ 000000018000f008     libcpmt:syserror.obj
 0002:00001020       ??_C@_0N@FCPALPJK@network_down?$AA@ 000000018000f020     libcpmt:syserror.obj
 0002:00001030       ??_C@_0O@EHNDLHIG@network_reset?$AA@ 000000018000f030     libcpmt:syserror.obj
 0002:00001040       ??_C@_0BE@JFNJIDNF@network_unreachable?$AA@ 000000018000f040     libcpmt:syserror.obj
 0002:00001058       ??_C@_0BA@FDIJKJCL@no_buffer_space?$AA@ 000000018000f058     libcpmt:syserror.obj
 0002:00001068       ??_C@_0BD@JHIHCGKP@no_protocol_option?$AA@ 000000018000f068     libcpmt:syserror.obj
 0002:00001080       ??_C@_0O@GBCLHHD@not_connected?$AA@ 000000018000f080     libcpmt:syserror.obj
 0002:00001090       ??_C@_0N@IMHKKLEM@not_a_socket?$AA@ 000000018000f090     libcpmt:syserror.obj
 0002:000010a0       ??_C@_0BI@ICEIDKLJ@operation_not_supported?$AA@ 000000018000f0a0     libcpmt:syserror.obj
 0002:000010b8       ??_C@_0BH@KAPBAIJF@protocol_not_supported?$AA@ 000000018000f0b8     libcpmt:syserror.obj
 0002:000010d0       ??_C@_0BE@GAOJJFPC@wrong_protocol_type?$AA@ 000000018000f0d0     libcpmt:syserror.obj
 0002:000010e8       ??_C@_09NCHNLHPG@timed_out?$AA@ 000000018000f0e8     libcpmt:syserror.obj
 0002:000010f8       ??_C@_0BG@GDGHKFDH@operation_would_block?$AA@ 000000018000f0f8     libcpmt:syserror.obj
 0002:00001110       ??_C@_0BN@LKKBCCDB@address?5family?5not?5supported?$AA@ 000000018000f110     libcpmt:syserror.obj
 0002:00001130       ??_C@_0P@LDMLAFHI@address?5in?5use?$AA@ 000000018000f130     libcpmt:syserror.obj
 0002:00001140       ??_C@_0BG@DHPCNBJB@address?5not?5available?$AA@ 000000018000f140     libcpmt:syserror.obj
 0002:00001158       ??_C@_0BC@DFIBIBIL@already?5connected?$AA@ 000000018000f158     libcpmt:syserror.obj
 0002:00001170       ??_C@_0BH@CAKOHOMI@argument?5list?5too?5long?$AA@ 000000018000f170     libcpmt:syserror.obj
 0002:00001188       ??_C@_0BH@CGIMPKIM@argument?5out?5of?5domain?$AA@ 000000018000f188     libcpmt:syserror.obj
 0002:000011a0       ??_C@_0M@KGHGGJGL@bad?5address?$AA@ 000000018000f1a0     libcpmt:syserror.obj
 0002:000011b0       ??_C@_0BE@MPJPGCEO@bad?5file?5descriptor?$AA@ 000000018000f1b0     libcpmt:syserror.obj
 0002:000011c8       ??_C@_0M@PMMIEFCP@bad?5message?$AA@ 000000018000f1c8     libcpmt:syserror.obj
 0002:000011d8       ??_C@_0M@KPHOFDBE@broken?5pipe?$AA@ 000000018000f1d8     libcpmt:syserror.obj
 0002:000011e8       ??_C@_0BD@MGNDDEGM@connection?5aborted?$AA@ 000000018000f1e8     libcpmt:syserror.obj
 0002:00001200       ??_C@_0BP@KAIHPOGN@connection?5already?5in?5progress?$AA@ 000000018000f200     libcpmt:syserror.obj
 0002:00001220       ??_C@_0BD@PJLIIJEL@connection?5refused?$AA@ 000000018000f220     libcpmt:syserror.obj
 0002:00001238       ??_C@_0BB@IECNJNOI@connection?5reset?$AA@ 000000018000f238     libcpmt:syserror.obj
 0002:00001250       ??_C@_0BN@KDMIFEIP@destination?5address?5required?$AA@ 000000018000f250     libcpmt:syserror.obj
 0002:00001270       ??_C@_0BI@BNCLIGPB@executable?5format?5error?$AA@ 000000018000f270     libcpmt:syserror.obj
 0002:00001288       ??_C@_0P@DNAJLBJK@file?5too?5large?$AA@ 000000018000f288     libcpmt:syserror.obj
 0002:00001298       ??_C@_0BB@DHFDFGDM@host?5unreachable?$AA@ 000000018000f298     libcpmt:syserror.obj
 0002:000012b0       ??_C@_0BD@JPHBMONG@identifier?5removed?$AA@ 000000018000f2b0     libcpmt:syserror.obj
 0002:000012c8       ??_C@_0BG@CDNPAGJK@illegal?5byte?5sequence?$AA@ 000000018000f2c8     libcpmt:syserror.obj
 0002:000012e0       ??_C@_0CD@BNPLBMNA@inappropriate?5io?5control?5operati@ 000000018000f2e0     libcpmt:syserror.obj
 0002:00001308       ??_C@_0N@OHAFKDEK@invalid?5seek?$AA@ 000000018000f308     libcpmt:syserror.obj
 0002:00001318       ??_C@_0P@FLLDBIDK@is?5a?5directory?$AA@ 000000018000f318     libcpmt:syserror.obj
 0002:00001328       ??_C@_0N@IFLPBIOP@message?5size?$AA@ 000000018000f328     libcpmt:syserror.obj
 0002:00001338       ??_C@_0N@KIIEAAIO@network?5down?$AA@ 000000018000f338     libcpmt:syserror.obj
 0002:00001348       ??_C@_0O@FNPDBHEE@network?5reset?$AA@ 000000018000f348     libcpmt:syserror.obj
 0002:00001358       ??_C@_0BE@IFNCKGE@network?5unreachable?$AA@ 000000018000f358     libcpmt:syserror.obj
 0002:00001370       ??_C@_0BA@PFFCAOFK@no?5buffer?5space?$AA@ 000000018000f370     libcpmt:syserror.obj
 0002:00001380       ??_C@_0BB@IEPBLJHK@no?5child?5process?$AA@ 000000018000f380     libcpmt:syserror.obj
 0002:00001398       ??_C@_07PLECNNKG@no?5link?$AA@ 000000018000f398     libcpmt:syserror.obj
 0002:000013a0       ??_C@_0BF@PBGGPKKE@no?5message?5available?$AA@ 000000018000f3a0     libcpmt:syserror.obj
 0002:000013b8       ??_C@_0L@EDOLMPAK@no?5message?$AA@ 000000018000f3b8     libcpmt:syserror.obj
 0002:000013c8       ??_C@_0BD@EAMBFIDF@no?5protocol?5option?$AA@ 000000018000f3c8     libcpmt:syserror.obj
 0002:000013e0       ??_C@_0BE@MKFDAFMP@no?5stream?5resources?$AA@ 000000018000f3e0     libcpmt:syserror.obj
 0002:000013f8       ??_C@_0BK@IMCPHCBI@no?5such?5device?5or?5address?$AA@ 000000018000f3f8     libcpmt:syserror.obj
 0002:00001418       ??_C@_0BA@ENLPPKBN@no?5such?5process?$AA@ 000000018000f418     libcpmt:syserror.obj
 0002:00001428       ??_C@_0BA@DOCPFFJG@not?5a?5directory?$AA@ 000000018000f428     libcpmt:syserror.obj
 0002:00001438       ??_C@_0N@POEIPGGF@not?5a?5socket?$AA@ 000000018000f438     libcpmt:syserror.obj
 0002:00001448       ??_C@_0N@LGAPMMPI@not?5a?5stream?$AA@ 000000018000f448     libcpmt:syserror.obj
 0002:00001458       ??_C@_0O@GLMIBBEG@not?5connected?$AA@ 000000018000f458     libcpmt:syserror.obj
 0002:00001468       ??_C@_0O@NHEDABJP@not?5supported?$AA@ 000000018000f468     libcpmt:syserror.obj
 0002:00001478       ??_C@_0BG@KDKHOPCO@operation?5in?5progress?$AA@ 000000018000f478     libcpmt:syserror.obj
 0002:00001490       ??_C@_0BI@OHIEJAAB@operation?5not?5permitted?$AA@ 000000018000f490     libcpmt:syserror.obj
 0002:000014a8       ??_C@_0BI@LNEGIFLN@operation?5not?5supported?$AA@ 000000018000f4a8     libcpmt:syserror.obj
 0002:000014c0       ??_C@_0BG@OEMDKMEE@operation?5would?5block?$AA@ 000000018000f4c0     libcpmt:syserror.obj
 0002:000014d8       ??_C@_0L@BLPOFLNJ@owner?5dead?$AA@ 000000018000f4d8     libcpmt:syserror.obj
 0002:000014e8       ??_C@_0P@FNPOCJBE@protocol?5error?$AA@ 000000018000f4e8     libcpmt:syserror.obj
 0002:000014f8       ??_C@_0BH@JPPPLHJB@protocol?5not?5supported?$AA@ 000000018000f4f8     libcpmt:syserror.obj
 0002:00001510       ??_C@_0BG@EICBIHDP@read?5only?5file?5system?$AA@ 000000018000f510     libcpmt:syserror.obj
 0002:00001528       ??_C@_0BO@BJBOMOEJ@resource?5deadlock?5would?5occur?$AA@ 000000018000f528     libcpmt:syserror.obj
 0002:00001548       ??_C@_0BE@GOIPJJHG@result?5out?5of?5range?$AA@ 000000018000f548     libcpmt:syserror.obj
 0002:00001560       ??_C@_0BG@MPLKFPAE@state?5not?5recoverable?$AA@ 000000018000f560     libcpmt:syserror.obj
 0002:00001578       ??_C@_0P@DIIFGFCG@stream?5timeout?$AA@ 000000018000f578     libcpmt:syserror.obj
 0002:00001588       ??_C@_0P@IPFDMIFL@text?5file?5busy?$AA@ 000000018000f588     libcpmt:syserror.obj
 0002:00001598       ??_C@_09KJPPMAOI@timed?5out?$AA@ 000000018000f598     libcpmt:syserror.obj
 0002:000015a8       ??_C@_0BO@HACHBEKI@too?5many?5files?5open?5in?5system?$AA@ 000000018000f5a8     libcpmt:syserror.obj
 0002:000015c8       ??_C@_0P@HCOMKFCC@too?5many?5links?$AA@ 000000018000f5c8     libcpmt:syserror.obj
 0002:000015d8       ??_C@_0BO@EFGOJEF@too?5many?5symbolic?5link?5levels?$AA@ 000000018000f5d8     libcpmt:syserror.obj
 0002:000015f8       ??_C@_0BA@KGKGOOJA@value?5too?5large?$AA@ 000000018000f5f8     libcpmt:syserror.obj
 0002:00001608       ??_C@_0BE@MIEJDDNH@wrong?5protocol?5type?$AA@ 000000018000f608     libcpmt:syserror.obj
 0002:00001628       ??_7bad_alloc@std@@6B@     000000018000f628     libcpmt:xthrow.obj
 0002:00001638       ??_C@_0P@GHFPNOJB@bad?5allocation?$AA@ 000000018000f638     libcpmt:xthrow.obj
 0002:00001650       ??_7logic_error@std@@6B@   000000018000f650     libcpmt:xthrow.obj
 0002:00001668       ??_7length_error@std@@6B@  000000018000f668     libcpmt:xthrow.obj
 0002:00001680       ??_7out_of_range@std@@6B@  000000018000f680     libcpmt:xthrow.obj
 0002:00001690       ??_C@_06MEIMCGCF@_hypot?$AA@ 000000018000f690     LIBCMT:hypot.obj
 0002:00001698       _pDefaultRawDllMain        000000018000f698     LIBCMT:dllcrt0.obj
 0002:00001698       _pRawDllMain               000000018000f698     LIBCMT:dllcrt0.obj
 0002:000016e8       ??_7type_info@@6B@         000000018000f6e8     LIBCMT:typinfo.obj
 0002:000016f0       _FPinit                    000000018000f6f0     LIBCMT:fpinit.obj
 0002:00001700       ??_7exception@std@@6B@     000000018000f700     LIBCMT:stdexcpt.obj
 0002:00001710       ??_C@_0BC@EOODALEL@Unknown?5exception?$AA@ 000000018000f710     LIBCMT:stdexcpt.obj
 0002:00001738       ??_C@_1BI@BGOHAHKC@?$AAm?$AAs?$AAc?$AAo?$AAr?$AAe?$AAe?$AA?4?$AAd?$AAl?$AAl?$AA?$AA@ 000000018000f738     LIBCMT:crt0dat.obj
 0002:00001750       ??_C@_0P@MIGLKIOC@CorExitProcess?$AA@ 000000018000f750     LIBCMT:crt0dat.obj
 0002:00001780       ??_C@_1M@HPNHIDJI@?$AAj?$AAa?$AA?9?$AAJ?$AAP?$AA?$AA@ 000000018000f780     LIBCMT:mbctype.obj
 0002:00001790       ??_C@_1M@BIBDDEMK@?$AAz?$AAh?$AA?9?$AAC?$AAN?$AA?$AA@ 000000018000f790     LIBCMT:mbctype.obj
 0002:000017a0       ??_C@_1M@JLOOOEGK@?$AAk?$AAo?$AA?9?$AAK?$AAR?$AA?$AA@ 000000018000f7a0     LIBCMT:mbctype.obj
 0002:000017b0       ??_C@_1M@CLNBBOPM@?$AAz?$AAh?$AA?9?$AAT?$AAW?$AA?$AA@ 000000018000f7b0     LIBCMT:mbctype.obj
 0002:000017bc       ??_C@_03KOEHGMDN@Sun?$AA@  000000018000f7bc     LIBCMT:nlsdata.obj
 0002:000017c0       ??_C@_03PDAGKDH@Mon?$AA@   000000018000f7c0     LIBCMT:nlsdata.obj
 0002:000017c4       ??_C@_03NAGEINEP@Tue?$AA@  000000018000f7c4     LIBCMT:nlsdata.obj
 0002:000017c8       ??_C@_03MHOMLAJA@Wed?$AA@  000000018000f7c8     LIBCMT:nlsdata.obj
 0002:000017cc       ??_C@_03IOFIKPDN@Thu?$AA@  000000018000f7cc     LIBCMT:nlsdata.obj
 0002:000017d0       ??_C@_03IDIOELNC@Fri?$AA@  000000018000f7d0     LIBCMT:nlsdata.obj
 0002:000017d4       ??_C@_03FEFJNEK@Sat?$AA@   000000018000f7d4     LIBCMT:nlsdata.obj
 0002:000017d8       ??_C@_06OOPIFAJ@Sunday?$AA@ 000000018000f7d8     LIBCMT:nlsdata.obj
 0002:000017e0       ??_C@_06JLEDEDGH@Monday?$AA@ 000000018000f7e0     LIBCMT:nlsdata.obj
 0002:000017e8       ??_C@_07BAAGCFCM@Tuesday?$AA@ 000000018000f7e8     LIBCMT:nlsdata.obj
 0002:000017f0       ??_C@_09DLIGFAKA@Wednesday?$AA@ 000000018000f7f0     LIBCMT:nlsdata.obj
 0002:00001800       ??_C@_08HACCIKIA@Thursday?$AA@ 000000018000f800     LIBCMT:nlsdata.obj
 0002:0000180c       ??_C@_06JECMNKMI@Friday?$AA@ 000000018000f80c     LIBCMT:nlsdata.obj
 0002:00001818       ??_C@_08INBOOONO@Saturday?$AA@ 000000018000f818     LIBCMT:nlsdata.obj
 0002:00001824       ??_C@_03JIHJHPIE@Jan?$AA@  000000018000f824     LIBCMT:nlsdata.obj
 0002:00001828       ??_C@_03HJBDCHOM@Feb?$AA@  000000018000f828     LIBCMT:nlsdata.obj
 0002:0000182c       ??_C@_03ODNJBKGA@Mar?$AA@  000000018000f82c     LIBCMT:nlsdata.obj
 0002:00001830       ??_C@_03LEOLGMJP@Apr?$AA@  000000018000f830     LIBCMT:nlsdata.obj
 0002:00001834       ??_C@_03CNMDKL@May?$AA@    000000018000f834     LIBCMT:nlsdata.obj
 0002:00001838       ??_C@_03IDFGHECI@Jun?$AA@  000000018000f838     LIBCMT:nlsdata.obj
 0002:0000183c       ??_C@_03LBGABGKK@Jul?$AA@  000000018000f83c     LIBCMT:nlsdata.obj
 0002:00001840       ??_C@_03IFJFEIGA@Aug?$AA@  000000018000f840     LIBCMT:nlsdata.obj
 0002:00001844       ??_C@_03GGCAPAJC@Sep?$AA@  000000018000f844     LIBCMT:nlsdata.obj
 0002:00001848       ??_C@_03BMAOKBAD@Oct?$AA@  000000018000f848     LIBCMT:nlsdata.obj
 0002:0000184c       ??_C@_03JPJOFNIA@Nov?$AA@  000000018000f84c     LIBCMT:nlsdata.obj
 0002:00001850       ??_C@_03MKABNOCG@Dec?$AA@  000000018000f850     LIBCMT:nlsdata.obj
 0002:00001858       ??_C@_07CGJPFGJA@January?$AA@ 000000018000f858     LIBCMT:nlsdata.obj
 0002:00001860       ??_C@_08GNJGEPFN@February?$AA@ 000000018000f860     LIBCMT:nlsdata.obj
 0002:0000186c       ??_C@_05HPCKOFNC@March?$AA@ 000000018000f86c     LIBCMT:nlsdata.obj
 0002:00001874       ??_C@_05DMJDNLEJ@April?$AA@ 000000018000f874     LIBCMT:nlsdata.obj
 0002:0000187c       ??_C@_04CNLMGBGM@June?$AA@ 000000018000f87c     LIBCMT:nlsdata.obj
 0002:00001884       ??_C@_04MIEPOIFP@July?$AA@ 000000018000f884     LIBCMT:nlsdata.obj
 0002:0000188c       ??_C@_06LBBHFDDG@August?$AA@ 000000018000f88c     LIBCMT:nlsdata.obj
 0002:00001898       ??_C@_09BHHEALKD@September?$AA@ 000000018000f898     LIBCMT:nlsdata.obj
 0002:000018a8       ??_C@_07JJNFCEND@October?$AA@ 000000018000f8a8     LIBCMT:nlsdata.obj
 0002:000018b0       ??_C@_08HCHEGEOA@November?$AA@ 000000018000f8b0     LIBCMT:nlsdata.obj
 0002:000018c0       ??_C@_08EDHMEBNP@December?$AA@ 000000018000f8c0     LIBCMT:nlsdata.obj
 0002:000018cc       ??_C@_02DEDBPAFC@AM?$AA@   000000018000f8cc     LIBCMT:nlsdata.obj
 0002:000018d0       ??_C@_02CJNFDJBF@PM?$AA@   000000018000f8d0     LIBCMT:nlsdata.obj
 0002:000018d8       ??_C@_08BPBNCDIB@MM?1dd?1yy?$AA@ 000000018000f8d8     LIBCMT:nlsdata.obj
 0002:000018e8       ??_C@_0BE@CKGJFCPC@dddd?0?5MMMM?5dd?0?5yyyy?$AA@ 000000018000f8e8     LIBCMT:nlsdata.obj
 0002:00001900       ??_C@_08JCCMCCIL@HH?3mm?3ss?$AA@ 000000018000f900     LIBCMT:nlsdata.obj
 0002:00001910       ??_C@_17MBGCMIPB@?$AAS?$AAu?$AAn?$AA?$AA@ 000000018000f910     LIBCMT:nlsdata.obj
 0002:00001918       ??_C@_17KBOMKBF@?$AAM?$AAo?$AAn?$AA?$AA@ 000000018000f918     LIBCMT:nlsdata.obj
 0002:00001920       ??_C@_17BMKGEGOJ@?$AAT?$AAu?$AAe?$AA?$AA@ 000000018000f920     LIBCMT:nlsdata.obj
 0002:00001928       ??_C@_17CJEDCEPE@?$AAW?$AAe?$AAd?$AA?$AA@ 000000018000f928     LIBCMT:nlsdata.obj
 0002:00001930       ??_C@_17PDPHAADD@?$AAT?$AAh?$AAu?$AA?$AA@ 000000018000f930     LIBCMT:nlsdata.obj
 0002:00001938       ??_C@_17HFOLPPLP@?$AAF?$AAr?$AAi?$AA?$AA@ 000000018000f938     LIBCMT:nlsdata.obj
 0002:00001940       ??_C@_17GGIBDPIH@?$AAS?$AAa?$AAt?$AA?$AA@ 000000018000f940     LIBCMT:nlsdata.obj
 0002:00001948       ??_C@_1O@IHNHDHPB@?$AAS?$AAu?$AAn?$AAd?$AAa?$AAy?$AA?$AA@ 000000018000f948     LIBCMT:nlsdata.obj
 0002:00001958       ??_C@_1O@MMNBFLIA@?$AAM?$AAo?$AAn?$AAd?$AAa?$AAy?$AA?$AA@ 000000018000f958     LIBCMT:nlsdata.obj
 0002:00001968       ??_C@_1BA@ENFBFFEK@?$AAT?$AAu?$AAe?$AAs?$AAd?$AAa?$AAy?$AA?$AA@ 000000018000f968     LIBCMT:nlsdata.obj
 0002:00001978       ??_C@_1BE@EBOGMDOH@?$AAW?$AAe?$AAd?$AAn?$AAe?$AAs?$AAd?$AAa?$AAy?$AA?$AA@ 000000018000f978     LIBCMT:nlsdata.obj
 0002:00001990       ??_C@_1BC@HHMNLIHE@?$AAT?$AAh?$AAu?$AAr?$AAs?$AAd?$AAa?$AAy?$AA?$AA@ 000000018000f990     LIBCMT:nlsdata.obj
 0002:000019a8       ??_C@_1O@PDICJHAG@?$AAF?$AAr?$AAi?$AAd?$AAa?$AAy?$AA?$AA@ 000000018000f9a8     LIBCMT:nlsdata.obj
 0002:000019b8       ??_C@_1BC@ENMNNPAJ@?$AAS?$AAa?$AAt?$AAu?$AAr?$AAd?$AAa?$AAy?$AA?$AA@ 000000018000f9b8     LIBCMT:nlsdata.obj
 0002:000019d0       ??_C@_17DKNBKCHM@?$AAJ?$AAa?$AAn?$AA?$AA@ 000000018000f9d0     LIBCMT:nlsdata.obj
 0002:000019d8       ??_C@_17LMDJEKJN@?$AAF?$AAe?$AAb?$AA?$AA@ 000000018000f9d8     LIBCMT:nlsdata.obj
 0002:000019e0       ??_C@_17CKNLEDEC@?$AAM?$AAa?$AAr?$AA?$AA@ 000000018000f9e0     LIBCMT:nlsdata.obj
 0002:000019e8       ??_C@_17LFPOIHDD@?$AAA?$AAp?$AAr?$AA?$AA@ 000000018000f9e8     LIBCMT:nlsdata.obj
 0002:000019f0       ??_C@_17PNNKMEED@?$AAM?$AAa?$AAy?$AA?$AA@ 000000018000f9f0     LIBCMT:nlsdata.obj
 0002:000019f8       ??_C@_17KCJGOCPB@?$AAJ?$AAu?$AAn?$AA?$AA@ 000000018000f9f8     LIBCMT:nlsdata.obj
 0002:00001a00       ??_C@_17IJPCKHK@?$AAJ?$AAu?$AAl?$AA?$AA@ 000000018000fa00     LIBCMT:nlsdata.obj
 0002:00001a08       ??_C@_17ICPELBCN@?$AAA?$AAu?$AAg?$AA?$AA@ 000000018000fa08     LIBCMT:nlsdata.obj
 0002:00001a10       ??_C@_17HCHCOKMG@?$AAS?$AAe?$AAp?$AA?$AA@ 000000018000fa10     LIBCMT:nlsdata.obj
 0002:00001a18       ??_C@_17FNLKOI@?$AAO?$AAc?$AAt?$AA?$AA@ 000000018000fa18     LIBCMT:nlsdata.obj
 0002:00001a20       ??_C@_17BBDMLCIG@?$AAN?$AAo?$AAv?$AA?$AA@ 000000018000fa20     LIBCMT:nlsdata.obj
 0002:00001a28       ??_C@_17EGKACKIF@?$AAD?$AAe?$AAc?$AA?$AA@ 000000018000fa28     LIBCMT:nlsdata.obj
 0002:00001a30       ??_C@_1BA@EFMEIEBA@?$AAJ?$AAa?$AAn?$AAu?$AAa?$AAr?$AAy?$AA?$AA@ 000000018000fa30     LIBCMT:nlsdata.obj
 0002:00001a40       ??_C@_1BC@JGDDFFAM@?$AAF?$AAe?$AAb?$AAr?$AAu?$AAa?$AAr?$AAy?$AA?$AA@ 000000018000fa40     LIBCMT:nlsdata.obj
 0002:00001a58       ??_C@_1M@IKEENEDF@?$AAM?$AAa?$AAr?$AAc?$AAh?$AA?$AA@ 000000018000fa58     LIBCMT:nlsdata.obj
 0002:00001a68       ??_C@_1M@GJNLMHFD@?$AAA?$AAp?$AAr?$AAi?$AAl?$AA?$AA@ 000000018000fa68     LIBCMT:nlsdata.obj
 0002:00001a78       ??_C@_19EPFLPGAP@?$AAJ?$AAu?$AAn?$AAe?$AA?$AA@ 000000018000fa78     LIBCMT:nlsdata.obj
 0002:00001a88       ??_C@_19BIFMLPCD@?$AAJ?$AAu?$AAl?$AAy?$AA?$AA@ 000000018000fa88     LIBCMT:nlsdata.obj
 0002:00001a98       ??_C@_1O@PAHLKOAC@?$AAA?$AAu?$AAg?$AAu?$AAs?$AAt?$AA?$AA@ 000000018000fa98     LIBCMT:nlsdata.obj
 0002:00001aa8       ??_C@_1BE@DKAAMBJL@?$AAS?$AAe?$AAp?$AAt?$AAe?$AAm?$AAb?$AAe?$AAr?$AA?$AA@ 000000018000faa8     LIBCMT:nlsdata.obj
 0002:00001ac0       ??_C@_1BA@EPANDLNG@?$AAO?$AAc?$AAt?$AAo?$AAb?$AAe?$AAr?$AA?$AA@ 000000018000fac0     LIBCMT:nlsdata.obj
 0002:00001ad0       ??_C@_1BC@BGLIFPF@?$AAN?$AAo?$AAv?$AAe?$AAm?$AAb?$AAe?$AAr?$AA?$AA@ 000000018000fad0     LIBCMT:nlsdata.obj
 0002:00001ae8       ??_C@_1BC@FEMKIFH@?$AAD?$AAe?$AAc?$AAe?$AAm?$AAb?$AAe?$AAr?$AA?$AA@ 000000018000fae8     LIBCMT:nlsdata.obj
 0002:00001afc       ??_C@_15ODEHAHHF@?$AAA?$AAM?$AA?$AA@ 000000018000fafc     LIBCMT:nlsdata.obj
 0002:00001b04       ??_C@_15CLMNNGEL@?$AAP?$AAM?$AA?$AA@ 000000018000fb04     LIBCMT:nlsdata.obj
 0002:00001b10       ??_C@_1BC@IEBCMHCM@?$AAM?$AAM?$AA?1?$AAd?$AAd?$AA?1?$AAy?$AAy?$AA?$AA@ 000000018000fb10     LIBCMT:nlsdata.obj
 0002:00001b28       ??_C@_1CI@KNAKOEBC@?$AAd?$AAd?$AAd?$AAd?$AA?0?$AA?5?$AAM?$AAM?$AAM?$AAM?$AA?5?$AAd?$AAd?$AA?0?$AA?5?$AAy?$AAy?$AAy?$AAy?$AA?$AA@ 000000018000fb28     LIBCMT:nlsdata.obj
 0002:00001b50       ??_C@_1BC@GDGBMEMK@?$AAH?$AAH?$AA?3?$AAm?$AAm?$AA?3?$AAs?$AAs?$AA?$AA@ 000000018000fb50     LIBCMT:nlsdata.obj
 0002:00001b68       ??_C@_1M@BMHNFIME@?$AAe?$AAn?$AA?9?$AAU?$AAS?$AA?$AA@ 000000018000fb68     LIBCMT:nlsdata.obj
 0002:00001c00       _XcptActTab                000000018000fc00     LIBCMT:winxfltr.obj
 0002:00001cc0       _XcptActTabCount           000000018000fcc0     LIBCMT:winxfltr.obj
 0002:00001cc4       _XcptActTabSize            000000018000fcc4     LIBCMT:winxfltr.obj
 0002:00001cc8       _First_FPE_Indx            000000018000fcc8     LIBCMT:winxfltr.obj
 0002:00001ccc       _Num_FPE                   000000018000fccc     LIBCMT:winxfltr.obj
 0002:00001cd0       ??_C@_1BK@MGMFAEKH@?$AAk?$AAe?$AAr?$AAn?$AAe?$AAl?$AA3?$AA2?$AA?4?$AAd?$AAl?$AAl?$AA?$AA@ 000000018000fcd0     LIBCMT:winapisupp.obj
 0002:00001cf0       ??_C@_08KNHFBNJ@FlsAlloc?$AA@ 000000018000fcf0     LIBCMT:winapisupp.obj
 0002:00001d00       ??_C@_07PEJMOBNF@FlsFree?$AA@ 000000018000fd00     LIBCMT:winapisupp.obj
 0002:00001d08       ??_C@_0M@GDNOONDI@FlsGetValue?$AA@ 000000018000fd08     LIBCMT:winapisupp.obj
 0002:00001d18       ??_C@_0M@JCPCPOEF@FlsSetValue?$AA@ 000000018000fd18     LIBCMT:winapisupp.obj
 0002:00001d28       ??_C@_0BM@HCFOFFN@InitializeCriticalSectionEx?$AA@ 000000018000fd28     LIBCMT:winapisupp.obj
 0002:00001d48       ??_C@_0P@DLHPPCNH@CreateEventExW?$AA@ 000000018000fd48     LIBCMT:winapisupp.obj
 0002:00001d58       ??_C@_0BD@KIEEOEEH@CreateSemaphoreExW?$AA@ 000000018000fd58     LIBCMT:winapisupp.obj
 0002:00001d70       ??_C@_0BI@BKLFFAPO@SetThreadStackGuarantee?$AA@ 000000018000fd70     LIBCMT:winapisupp.obj
 0002:00001d88       ??_C@_0BG@OGFAJCKC@CreateThreadpoolTimer?$AA@ 000000018000fd88     LIBCMT:winapisupp.obj
 0002:00001da0       ??_C@_0BD@LPLEMMDI@SetThreadpoolTimer?$AA@ 000000018000fda0     LIBCMT:winapisupp.obj
 0002:00001db8       ??_C@_0CA@FMNJENH@WaitForThreadpoolTimerCallbacks?$AA@ 000000018000fdb8     LIBCMT:winapisupp.obj
 0002:00001dd8       ??_C@_0BF@DCFCCNOC@CloseThreadpoolTimer?$AA@ 000000018000fdd8     LIBCMT:winapisupp.obj
 0002:00001df0       ??_C@_0BF@FLABGKKM@CreateThreadpoolWait?$AA@ 000000018000fdf0     LIBCMT:winapisupp.obj
 0002:00001e08       ??_C@_0BC@MGCOHNA@SetThreadpoolWait?$AA@ 000000018000fe08     LIBCMT:winapisupp.obj
 0002:00001e20       ??_C@_0BE@OCIOMIMP@CloseThreadpoolWait?$AA@ 000000018000fe20     LIBCMT:winapisupp.obj
 0002:00001e38       ??_C@_0BJ@LKGHFHBO@FlushProcessWriteBuffers?$AA@ 000000018000fe38     LIBCMT:winapisupp.obj
 0002:00001e58       ??_C@_0BP@KALKKPMO@FreeLibraryWhenCallbackReturns?$AA@ 000000018000fe58     LIBCMT:winapisupp.obj
 0002:00001e78       ??_C@_0BK@DFNBACLA@GetCurrentProcessorNumber?$AA@ 000000018000fe78     LIBCMT:winapisupp.obj
 0002:00001e98       ??_C@_0BP@KHGALBC@GetLogicalProcessorInformation?$AA@ 000000018000fe98     LIBCMT:winapisupp.obj
 0002:00001eb8       ??_C@_0BE@FKKLLFLM@CreateSymbolicLinkW?$AA@ 000000018000feb8     LIBCMT:winapisupp.obj
 0002:00001ed0       ??_C@_0BJ@OHNKDLIJ@SetDefaultDllDirectories?$AA@ 000000018000fed0     LIBCMT:winapisupp.obj
 0002:00001ef0       ??_C@_0BE@LJANKFHF@EnumSystemLocalesEx?$AA@ 000000018000fef0     LIBCMT:winapisupp.obj
 0002:00001f08       ??_C@_0BA@IHGNDAEB@CompareStringEx?$AA@ 000000018000ff08     LIBCMT:winapisupp.obj
 0002:00001f18       ??_C@_0BA@EPCJIIPD@GetDateFormatEx?$AA@ 000000018000ff18     LIBCMT:winapisupp.obj
 0002:00001f28       ??_C@_0BA@ONOKGCMP@GetLocaleInfoEx?$AA@ 000000018000ff28     LIBCMT:winapisupp.obj
 0002:00001f38       ??_C@_0BA@CIJJKCJJ@GetTimeFormatEx?$AA@ 000000018000ff38     LIBCMT:winapisupp.obj
 0002:00001f48       ??_C@_0BJ@PBCCBIPI@GetUserDefaultLocaleName?$AA@ 000000018000ff48     LIBCMT:winapisupp.obj
 0002:00001f68       ??_C@_0BC@CELBKLLA@IsValidLocaleName?$AA@ 000000018000ff68     LIBCMT:winapisupp.obj
 0002:00001f80       ??_C@_0O@KKBNKAPF@LCMapStringEx?$AA@ 000000018000ff80     LIBCMT:winapisupp.obj
 0002:00001f90       ??_C@_0BE@JOGNEJCI@GetCurrentPackageId?$AA@ 000000018000ff90     LIBCMT:winapisupp.obj
 0002:00001fa8       ??_C@_0P@CDHHOHKP@GetTickCount64?$AA@ 000000018000ffa8     LIBCMT:winapisupp.obj
 0002:00001fb8       ??_C@_0BO@KPCLFDJJ@GetFileInformationByHandleExW?$AA@ 000000018000ffb8     LIBCMT:winapisupp.obj
 0002:00001fd8       ??_C@_0BM@MHIDLABK@SetFileInformationByHandleW?$AA@ 000000018000ffd8     LIBCMT:winapisupp.obj
 0002:00001ff8       _pDestructExceptionObject  000000018000fff8     LIBCMT:frame.obj
 0002:00002000       ??_C@_05KLBDPFGC@e?$CL000?$AA@ 0000000180010000     LIBCMT:cvt.obj
 0002:00002008       __real@0000000000000000    0000000180010008     LIBCMT:cvt.obj
 0002:00002180       ??_C@_1FK@PGACCAFB@?$AAR?$AA6?$AA0?$AA0?$AA2?$AA?$AN?$AA?6?$AA?9?$AA?5?$AAf?$AAl?$AAo?$AAa?$AAt?$AAi?$AAn?$AAg?$AA?5?$AAp?$AAo?$AAi?$AAn?$AAt?$AA?5?$AAs?$AAu?$AAp?$AAp?$AAo?$AAr?$AAt?$AA?5@ 0000000180010180     LIBCMT:crt0msg.obj
 0002:000021e0       ??_C@_1FE@LLNEDJMD@?$AAR?$AA6?$AA0?$AA0?$AA8?$AA?$AN?$AA?6?$AA?9?$AA?5?$AAn?$AAo?$AAt?$AA?5?$AAe?$AAn?$AAo?$AAu?$AAg?$AAh?$AA?5?$AAs?$AAp?$AAa?$AAc?$AAe?$AA?5?$AAf?$AAo?$AAr?$AA?5?$AAa?$AAr@ 00000001800101e0     LIBCMT:crt0msg.obj
 0002:00002240       ??_C@_1FI@HONFMGBI@?$AAR?$AA6?$AA0?$AA0?$AA9?$AA?$AN?$AA?6?$AA?9?$AA?5?$AAn?$AAo?$AAt?$AA?5?$AAe?$AAn?$AAo?$AAu?$AAg?$AAh?$AA?5?$AAs?$AAp?$AAa?$AAc?$AAe?$AA?5?$AAf?$AAo?$AAr?$AA?5?$AAe?$AAn@ 0000000180010240     LIBCMT:crt0msg.obj
 0002:000022a0       ??_C@_1EG@BEHAGFJD@?$AAR?$AA6?$AA0?$AA1?$AA0?$AA?$AN?$AA?6?$AA?9?$AA?5?$AAa?$AAb?$AAo?$AAr?$AAt?$AA?$CI?$AA?$CJ?$AA?5?$AAh?$AAa?$AAs?$AA?5?$AAb?$AAe?$AAe?$AAn?$AA?5?$AAc?$AAa?$AAl?$AAl?$AAe?$AAd@ 00000001800102a0     LIBCMT:crt0msg.obj
 0002:000022f0       ??_C@_1FI@LOGNIKDM@?$AAR?$AA6?$AA0?$AA1?$AA6?$AA?$AN?$AA?6?$AA?9?$AA?5?$AAn?$AAo?$AAt?$AA?5?$AAe?$AAn?$AAo?$AAu?$AAg?$AAh?$AA?5?$AAs?$AAp?$AAa?$AAc?$AAe?$AA?5?$AAf?$AAo?$AAr?$AA?5?$AAt?$AAh@ 00000001800102f0     LIBCMT:crt0msg.obj
 0002:00002350       ??_C@_1FK@BEOGODMC@?$AAR?$AA6?$AA0?$AA1?$AA7?$AA?$AN?$AA?6?$AA?9?$AA?5?$AAu?$AAn?$AAe?$AAx?$AAp?$AAe?$AAc?$AAt?$AAe?$AAd?$AA?5?$AAm?$AAu?$AAl?$AAt?$AAi?$AAt?$AAh?$AAr?$AAe?$AAa?$AAd?$AA?5@ 0000000180010350     LIBCMT:crt0msg.obj
 0002:000023b0       ??_C@_1EC@JIBHAOPH@?$AAR?$AA6?$AA0?$AA1?$AA8?$AA?$AN?$AA?6?$AA?9?$AA?5?$AAu?$AAn?$AAe?$AAx?$AAp?$AAe?$AAc?$AAt?$AAe?$AAd?$AA?5?$AAh?$AAe?$AAa?$AAp?$AA?5?$AAe?$AAr?$AAr?$AAo?$AAr?$AA?$AN?$AA?6@ 00000001800103b0     LIBCMT:crt0msg.obj
 0002:00002400       ??_C@_1FC@ECHBIFBC@?$AAR?$AA6?$AA0?$AA1?$AA9?$AA?$AN?$AA?6?$AA?9?$AA?5?$AAu?$AAn?$AAa?$AAb?$AAl?$AAe?$AA?5?$AAt?$AAo?$AA?5?$AAo?$AAp?$AAe?$AAn?$AA?5?$AAc?$AAo?$AAn?$AAs?$AAo?$AAl?$AAe?$AA?5@ 0000000180010400     LIBCMT:crt0msg.obj
 0002:00002460       ??_C@_1GK@FHCKBEFA@?$AAR?$AA6?$AA0?$AA2?$AA4?$AA?$AN?$AA?6?$AA?9?$AA?5?$AAn?$AAo?$AAt?$AA?5?$AAe?$AAn?$AAo?$AAu?$AAg?$AAh?$AA?5?$AAs?$AAp?$AAa?$AAc?$AAe?$AA?5?$AAf?$AAo?$AAr?$AA?5?$AA_?$AAo@ 0000000180010460     LIBCMT:crt0msg.obj
 0002:000024d0       ??_C@_1EM@MAADIHMB@?$AAR?$AA6?$AA0?$AA2?$AA5?$AA?$AN?$AA?6?$AA?9?$AA?5?$AAp?$AAu?$AAr?$AAe?$AA?5?$AAv?$AAi?$AAr?$AAt?$AAu?$AAa?$AAl?$AA?5?$AAf?$AAu?$AAn?$AAc?$AAt?$AAi?$AAo?$AAn?$AA?5?$AAc@ 00000001800104d0     LIBCMT:crt0msg.obj
 0002:00002520       ??_C@_1GK@MCAAGJMO@?$AAR?$AA6?$AA0?$AA2?$AA6?$AA?$AN?$AA?6?$AA?9?$AA?5?$AAn?$AAo?$AAt?$AA?5?$AAe?$AAn?$AAo?$AAu?$AAg?$AAh?$AA?5?$AAs?$AAp?$AAa?$AAc?$AAe?$AA?5?$AAf?$AAo?$AAr?$AA?5?$AAs?$AAt@ 0000000180010520     LIBCMT:crt0msg.obj
 0002:00002590       ??_C@_1GK@MFGOKLAG@?$AAR?$AA6?$AA0?$AA2?$AA7?$AA?$AN?$AA?6?$AA?9?$AA?5?$AAn?$AAo?$AAt?$AA?5?$AAe?$AAn?$AAo?$AAu?$AAg?$AAh?$AA?5?$AAs?$AAp?$AAa?$AAc?$AAe?$AA?5?$AAf?$AAo?$AAr?$AA?5?$AAl?$AAo@ 0000000180010590     LIBCMT:crt0msg.obj
 0002:00002600       ??_C@_1EK@HHFLMAOL@?$AAR?$AA6?$AA0?$AA2?$AA8?$AA?$AN?$AA?6?$AA?9?$AA?5?$AAu?$AAn?$AAa?$AAb?$AAl?$AAe?$AA?5?$AAt?$AAo?$AA?5?$AAi?$AAn?$AAi?$AAt?$AAi?$AAa?$AAl?$AAi?$AAz?$AAe?$AA?5?$AAh?$AAe@ 0000000180010600     LIBCMT:crt0msg.obj
 0002:00002650       ??_C@_1DO@BMFCDCD@?$AAR?$AA6?$AA0?$AA3?$AA0?$AA?$AN?$AA?6?$AA?9?$AA?5?$AAC?$AAR?$AAT?$AA?5?$AAn?$AAo?$AAt?$AA?5?$AAi?$AAn?$AAi?$AAt?$AAi?$AAa?$AAl?$AAi?$AAz?$AAe?$AAd?$AA?$AN?$AA?6?$AA?$AA@ 0000000180010650     LIBCMT:crt0msg.obj
 0002:00002690       ??_C@_1MG@ENCOOIDF@?$AAR?$AA6?$AA0?$AA3?$AA1?$AA?$AN?$AA?6?$AA?9?$AA?5?$AAA?$AAt?$AAt?$AAe?$AAm?$AAp?$AAt?$AA?5?$AAt?$AAo?$AA?5?$AAi?$AAn?$AAi?$AAt?$AAi?$AAa?$AAl?$AAi?$AAz?$AAe?$AA?5?$AAt@ 0000000180010690     LIBCMT:crt0msg.obj
 0002:00002760       ??_C@_1GG@GOPILAJP@?$AAR?$AA6?$AA0?$AA3?$AA2?$AA?$AN?$AA?6?$AA?9?$AA?5?$AAn?$AAo?$AAt?$AA?5?$AAe?$AAn?$AAo?$AAu?$AAg?$AAh?$AA?5?$AAs?$AAp?$AAa?$AAc?$AAe?$AA?5?$AAf?$AAo?$AAr?$AA?5?$AAl?$AAo@ 0000000180010760     LIBCMT:crt0msg.obj
 0002:000027d0       ??_C@_1BOO@KGEDBGAJ@?$AAR?$AA6?$AA0?$AA3?$AA3?$AA?$AN?$AA?6?$AA?9?$AA?5?$AAA?$AAt?$AAt?$AAe?$AAm?$AAp?$AAt?$AA?5?$AAt?$AAo?$AA?5?$AAu?$AAs?$AAe?$AA?5?$AAM?$AAS?$AAI?$AAL?$AA?5?$AAc?$AAo?$AAd@ 00000001800107d0     LIBCMT:crt0msg.obj
 0002:000029c0       ??_C@_1GG@MKFPEKFO@?$AAR?$AA6?$AA0?$AA3?$AA4?$AA?$AN?$AA?6?$AA?9?$AA?5?$AAi?$AAn?$AAc?$AAo?$AAn?$AAs?$AAi?$AAs?$AAt?$AAe?$AAn?$AAt?$AA?5?$AAo?$AAn?$AAe?$AAx?$AAi?$AAt?$AA?5?$AAb?$AAe?$AAg@ 00000001800109c0     LIBCMT:crt0msg.obj
 0002:00002a28       ??_C@_1BO@BFCDCGC@?$AAD?$AAO?$AAM?$AAA?$AAI?$AAN?$AA?5?$AAe?$AAr?$AAr?$AAo?$AAr?$AA?$AN?$AA?6?$AA?$AA@ 0000000180010a28     LIBCMT:crt0msg.obj
 0002:00002a48       ??_C@_1BK@KMOMNAAI@?$AAS?$AAI?$AAN?$AAG?$AA?5?$AAe?$AAr?$AAr?$AAo?$AAr?$AA?$AN?$AA?6?$AA?$AA@ 0000000180010a48     LIBCMT:crt0msg.obj
 0002:00002a68       ??_C@_1BM@JBBEPPHI@?$AAT?$AAL?$AAO?$AAS?$AAS?$AA?5?$AAe?$AAr?$AAr?$AAo?$AAr?$AA?$AN?$AA?6?$AA?$AA@ 0000000180010a68     LIBCMT:crt0msg.obj
 0002:00002a84       ??_C@_15JNBOKNOG@?$AA?$AN?$AA?6?$AA?$AA@ 0000000180010a84     LIBCMT:crt0msg.obj
 0002:00002a90       ??_C@_1BO@BKOMIGKJ@?$AAr?$AAu?$AAn?$AAt?$AAi?$AAm?$AAe?$AA?5?$AAe?$AAr?$AAr?$AAo?$AAr?$AA?5?$AA?$AA@ 0000000180010a90     LIBCMT:crt0msg.obj
 0002:00002ab0       ??_C@_1DE@JNGNBFGO@?$AAR?$AAu?$AAn?$AAt?$AAi?$AAm?$AAe?$AA?5?$AAE?$AAr?$AAr?$AAo?$AAr?$AA?$CB?$AA?6?$AA?6?$AAP?$AAr?$AAo?$AAg?$AAr?$AAa?$AAm?$AA?3?$AA?5?$AA?$AA@ 0000000180010ab0     LIBCMT:crt0msg.obj
 0002:00002ae8       ??_C@_1CO@EAEJAADC@?$AA?$DM?$AAp?$AAr?$AAo?$AAg?$AAr?$AAa?$AAm?$AA?5?$AAn?$AAa?$AAm?$AAe?$AA?5?$AAu?$AAn?$AAk?$AAn?$AAo?$AAw?$AAn?$AA?$DO?$AA?$AA@ 0000000180010ae8     LIBCMT:crt0msg.obj
 0002:00002b18       ??_C@_17LGKOMLJ@?$AA?4?$AA?4?$AA?4?$AA?$AA@ 0000000180010b18     LIBCMT:crt0msg.obj
 0002:00002b20       ??_C@_15IABLJNFO@?$AA?6?$AA?6?$AA?$AA@ 0000000180010b20     LIBCMT:crt0msg.obj
 0002:00002b30       ??_C@_1EK@MBDPDCGA@?$AAM?$AAi?$AAc?$AAr?$AAo?$AAs?$AAo?$AAf?$AAt?$AA?5?$AAV?$AAi?$AAs?$AAu?$AAa?$AAl?$AA?5?$AAC?$AA?$CL?$AA?$CL?$AA?5?$AAR?$AAu?$AAn?$AAt?$AAi?$AAm?$AAe?$AA?5?$AAL?$AAi?$AAb@ 0000000180010b30     LIBCMT:crt0msg.obj
 0002:00002b80       LcidToLocaleNameTable      0000000180010b80     LIBCMT:winapinls.obj
 0002:000039c0       LocaleNameToIndexTable     00000001800119c0     LIBCMT:winapinls.obj
 0002:00004800       ??_C@_15EMKDOKLE@?$AAa?$AAr?$AA?$AA@ 0000000180012800     LIBCMT:winapinls.obj
 0002:00004808       ??_C@_15KNPADPLH@?$AAb?$AAg?$AA?$AA@ 0000000180012808     LIBCMT:winapinls.obj
 0002:00004810       ??_C@_15EDMHLDMO@?$AAc?$AAa?$AA?$AA@ 0000000180012810     LIBCMT:winapinls.obj
 0002:00004818       ??_C@_1O@BPEAJADD@?$AAz?$AAh?$AA?9?$AAC?$AAH?$AAS?$AA?$AA@ 0000000180012818     LIBCMT:winapinls.obj
 0002:00004828       ??_C@_15LJNHCMNK@?$AAc?$AAs?$AA?$AA@ 0000000180012828     LIBCMT:winapinls.obj
 0002:00004830       ??_C@_15FOMCIDHG@?$AAd?$AAa?$AA?$AA@ 0000000180012830     LIBCMT:winapinls.obj
 0002:00004838       ??_C@_15NBKABECB@?$AAd?$AAe?$AA?$AA@ 0000000180012838     LIBCMT:winapinls.obj
 0002:00004840       ??_C@_15GHPEIIAO@?$AAe?$AAl?$AA?$AA@ 0000000180012840     LIBCMT:winapinls.obj
 0002:00004848       ??_C@_15MNPNEAIF@?$AAe?$AAn?$AA?$AA@ 0000000180012848     LIBCMT:winapinls.obj
 0002:00004850       ??_C@_15GPIOMPMH@?$AAe?$AAs?$AA?$AA@ 0000000180012850     LIBCMT:winapinls.obj
 0002:00004858       ??_C@_15NGLOAKJC@?$AAf?$AAi?$AA?$AA@ 0000000180012858     LIBCMT:winapinls.obj
 0002:00004860       ??_C@_15FBKGNKAM@?$AAf?$AAr?$AA?$AA@ 0000000180012860     LIBCMT:winapinls.obj
 0002:00004868       ??_C@_15KGGCNEFK@?$AAh?$AAe?$AA?$AA@ 0000000180012868     LIBCMT:winapinls.obj
 0002:00004870       ??_C@_15PGHLIDMF@?$AAh?$AAu?$AA?$AA@ 0000000180012870     LIBCMT:winapinls.obj
 0002:00004878       ??_C@_15BIEMAPLM@?$AAi?$AAs?$AA?$AA@ 0000000180012878     LIBCMT:winapinls.obj
 0002:00004880       ??_C@_15IFJLDHAF@?$AAi?$AAt?$AA?$AA@ 0000000180012880     LIBCMT:winapinls.obj
 0002:00004888       ??_C@_15GEMIOCAG@?$AAj?$AAa?$AA?$AA@ 0000000180012888     LIBCMT:winapinls.obj
 0002:00004890       ??_C@_15EPELEGJA@?$AAk?$AAo?$AA?$AA@ 0000000180012890     LIBCMT:winapinls.obj
 0002:00004898       ??_C@_15NDDHIMN@?$AAn?$AAl?$AA?$AA@ 0000000180012898     LIBCMT:winapinls.obj
 0002:000048a0       ??_C@_15BPIGNHCD@?$AAn?$AAo?$AA?$AA@ 00000001800128a0     LIBCMT:winapinls.obj
 0002:000048a8       ??_C@_15DEOPBLCG@?$AAp?$AAl?$AA?$AA@ 00000001800128a8     LIBCMT:winapinls.obj
 0002:000048b0       ??_C@_15KBECGEFG@?$AAp?$AAt?$AA?$AA@ 00000001800128b0     LIBCMT:winapinls.obj
 0002:000048b8       ??_C@_15GLJCBFMD@?$AAr?$AAo?$AA?$AA@ 00000001800128b8     LIBCMT:winapinls.obj
 0002:000048c0       ??_C@_15FEDGKCDI@?$AAr?$AAu?$AA?$AA@ 00000001800128c0     LIBCMT:winapinls.obj
 0002:000048c8       ??_C@_15GLKMLLHM@?$AAh?$AAr?$AA?$AA@ 00000001800128c8     LIBCMT:winapinls.obj
 0002:000048d0       ??_C@_15CPKMFBDB@?$AAs?$AAk?$AA?$AA@ 00000001800128d0     LIBCMT:winapinls.obj
 0002:000048d8       ??_C@_15BAAIOGMK@?$AAs?$AAq?$AA?$AA@ 00000001800128d8     LIBCMT:winapinls.obj
 0002:000048e0       ??_C@_15INNPNOHD@?$AAs?$AAv?$AA?$AA@ 00000001800128e0     LIBCMT:winapinls.obj
 0002:000048e8       ??_C@_15CABMMOGH@?$AAt?$AAh?$AA?$AA@ 00000001800128e8     LIBCMT:winapinls.obj
 0002:000048f0       ??_C@_15BPLIHJJM@?$AAt?$AAr?$AA?$AA@ 00000001800128f0     LIBCMT:winapinls.obj
 0002:000048f8       ??_C@_15NEOEKKDJ@?$AAu?$AAr?$AA?$AA@ 00000001800128f8     LIBCMT:winapinls.obj
 0002:00004900       ??_C@_15NFICGAJK@?$AAi?$AAd?$AA?$AA@ 0000000180012900     LIBCMT:winapinls.obj
 0002:00004908       ??_C@_15PJPFLCCM@?$AAu?$AAk?$AA?$AA@ 0000000180012908     LIBCMT:winapinls.obj
 0002:00004910       ??_C@_15HPJPHDM@?$AAb?$AAe?$AA?$AA@ 0000000180012910     LIBCMT:winapinls.obj
 0002:00004918       ??_C@_15LCHLGJII@?$AAs?$AAl?$AA?$AA@ 0000000180012918     LIBCMT:winapinls.obj
 0002:00004920       ??_C@_15PCFJPHHO@?$AAe?$AAt?$AA?$AA@ 0000000180012920     LIBCMT:winapinls.obj
 0002:00004928       ??_C@_15HPFPGODN@?$AAl?$AAv?$AA?$AA@ 0000000180012928     LIBCMT:winapinls.obj
 0002:00004930       ??_C@_15NFFGKGLG@?$AAl?$AAt?$AA?$AA@ 0000000180012930     LIBCMT:winapinls.obj
 0002:00004938       ??_C@_15BDAKCCHN@?$AAf?$AAa?$AA?$AA@ 0000000180012938     LIBCMT:winapinls.obj
 0002:00004940       ??_C@_15NFGIAIAJ@?$AAv?$AAi?$AA?$AA@ 0000000180012940     LIBCMT:winapinls.obj
 0002:00004948       ??_C@_15LMKNDMHN@?$AAh?$AAy?$AA?$AA@ 0000000180012948     LIBCMT:winapinls.obj
 0002:00004950       ??_C@_15IJBHMCFL@?$AAa?$AAz?$AA?$AA@ 0000000180012950     LIBCMT:winapinls.obj
 0002:00004958       ??_C@_15EKOFJABL@?$AAe?$AAu?$AA?$AA@ 0000000180012958     LIBCMT:winapinls.obj
 0002:00004960       ??_C@_15BGHADCNK@?$AAm?$AAk?$AA?$AA@ 0000000180012960     LIBCMT:winapinls.obj
 0002:00004968       ??_C@_15JDNICKHM@?$AAa?$AAf?$AA?$AA@ 0000000180012968     LIBCMT:winapinls.obj
 0002:00004970       ??_C@_15KPJEDBKD@?$AAk?$AAa?$AA?$AA@ 0000000180012970     LIBCMT:winapinls.obj
 0002:00004978       ??_C@_15PDNFFFEO@?$AAf?$AAo?$AA?$AA@ 0000000180012978     LIBCMT:winapinls.obj
 0002:00004980       ??_C@_15OMLEGLOC@?$AAh?$AAi?$AA?$AA@ 0000000180012980     LIBCMT:winapinls.obj
 0002:00004988       ??_C@_15IDNNENKK@?$AAm?$AAs?$AA?$AA@ 0000000180012988     LIBCMT:winapinls.obj
 0002:00004990       ??_C@_15MACJNBMH@?$AAk?$AAk?$AA?$AA@ 0000000180012990     LIBCMT:winapinls.obj
 0002:00004998       ??_C@_15DKDJEOND@?$AAk?$AAy?$AA?$AA@ 0000000180012998     LIBCMT:winapinls.obj
 0002:000049a0       ??_C@_15DFGDLJBG@?$AAs?$AAw?$AA?$AA@ 00000001800129a0     LIBCMT:winapinls.obj
 0002:000049a8       ??_C@_15BBFAICNG@?$AAu?$AAz?$AA?$AA@ 00000001800129a8     LIBCMT:winapinls.obj
 0002:000049b0       ??_C@_15DKNDCGEA@?$AAt?$AAt?$AA?$AA@ 00000001800129b0     LIBCMT:winapinls.obj
 0002:000049b8       ??_C@_15MGIFMDPL@?$AAp?$AAa?$AA?$AA@ 00000001800129b8     LIBCMT:winapinls.obj
 0002:000049c0       ??_C@_15HCNDBBA@?$AAg?$AAu?$AA?$AA@ 00000001800129c0     LIBCMT:winapinls.obj
 0002:000049c8       ??_C@_15FNBEIBON@?$AAt?$AAa?$AA?$AA@ 00000001800129c8     LIBCMT:winapinls.obj
 0002:000049d0       ??_C@_15NCHGBGLK@?$AAt?$AAe?$AA?$AA@ 00000001800129d0     LIBCMT:winapinls.obj
 0002:000049d8       ??_C@_15PHPHCBPF@?$AAk?$AAn?$AA?$AA@ 00000001800129d8     LIBCMT:winapinls.obj
 0002:000049e0       ??_C@_15DLGBCKMP@?$AAm?$AAr?$AA?$AA@ 00000001800129e0     LIBCMT:winapinls.obj
 0002:000049e8       ??_C@_15EABBLBFF@?$AAs?$AAa?$AA?$AA@ 00000001800129e8     LIBCMT:winapinls.obj
 0002:000049f0       ??_C@_15CBKOMCOI@?$AAm?$AAn?$AA?$AA@ 00000001800129f0     LIBCMT:winapinls.obj
 0002:000049f8       ??_C@_15CKDMCJAF@?$AAg?$AAl?$AA?$AA@ 00000001800129f8     LIBCMT:winapinls.obj
 0002:00004a00       ??_C@_17CNJFBPG@?$AAk?$AAo?$AAk?$AA?$AA@ 0000000180012a00     LIBCMT:winapinls.obj
 0002:00004a08       ??_C@_17FFBJICPL@?$AAs?$AAy?$AAr?$AA?$AA@ 0000000180012a08     LIBCMT:winapinls.obj
 0002:00004a10       ??_C@_17KPNDCPAF@?$AAd?$AAi?$AAv?$AA?$AA@ 0000000180012a10     LIBCMT:winapinls.obj
 0002:00004a18       ??_C@_11LOCGONAA@?$AA?$AA@ 0000000180012a18     LIBCMT:winapinls.obj
 0002:00004a20       ??_C@_1M@OKAHONE@?$AAa?$AAr?$AA?9?$AAS?$AAA?$AA?$AA@ 0000000180012a20     LIBCMT:winapinls.obj
 0002:00004a30       ??_C@_1M@FFFIGIGK@?$AAb?$AAg?$AA?9?$AAB?$AAG?$AA?$AA@ 0000000180012a30     LIBCMT:winapinls.obj
 0002:00004a40       ??_C@_1M@BJNKEDC@?$AAc?$AAa?$AA?9?$AAE?$AAS?$AA?$AA@ 0000000180012a40     LIBCMT:winapinls.obj
 0002:00004a50       ??_C@_1M@IJJHFJHA@?$AAc?$AAs?$AA?9?$AAC?$AAZ?$AA?$AA@ 0000000180012a50     LIBCMT:winapinls.obj
 0002:00004a60       ??_C@_1M@CLPEOBGI@?$AAd?$AAa?$AA?9?$AAD?$AAK?$AA?$AA@ 0000000180012a60     LIBCMT:winapinls.obj
 0002:00004a70       ??_C@_1M@MCMADGCB@?$AAd?$AAe?$AA?9?$AAD?$AAE?$AA?$AA@ 0000000180012a70     LIBCMT:winapinls.obj
 0002:00004a80       ??_C@_1M@OOCKEMAM@?$AAe?$AAl?$AA?9?$AAG?$AAR?$AA?$AA@ 0000000180012a80     LIBCMT:winapinls.obj
 0002:00004a90       ??_C@_1M@DDNJFGID@?$AAf?$AAi?$AA?9?$AAF?$AAI?$AA?$AA@ 0000000180012a90     LIBCMT:winapinls.obj
 0002:00004aa0       ??_C@_1M@GLIPPMAC@?$AAf?$AAr?$AA?9?$AAF?$AAR?$AA?$AA@ 0000000180012aa0     LIBCMT:winapinls.obj
 0002:00004ab0       ??_C@_1M@GFMCHPE@?$AAh?$AAe?$AA?9?$AAI?$AAL?$AA?$AA@ 0000000180012ab0     LIBCMT:winapinls.obj
 0002:00004ac0       ??_C@_1M@MHLPGNKM@?$AAh?$AAu?$AA?9?$AAH?$AAU?$AA?$AA@ 0000000180012ac0     LIBCMT:winapinls.obj
 0002:00004ad0       ??_C@_1M@LPDDNNPN@?$AAi?$AAs?$AA?9?$AAI?$AAS?$AA?$AA@ 0000000180012ad0     LIBCMT:winapinls.obj
 0002:00004ae0       ??_C@_1M@MADIPODN@?$AAi?$AAt?$AA?9?$AAI?$AAT?$AA?$AA@ 0000000180012ae0     LIBCMT:winapinls.obj
 0002:00004af0       ??_C@_1M@IHBJJGG@?$AAn?$AAl?$AA?9?$AAN?$AAL?$AA?$AA@ 0000000180012af0     LIBCMT:winapinls.obj
 0002:00004b00       ??_C@_1M@EANAGDL@?$AAn?$AAb?$AA?9?$AAN?$AAO?$AA?$AA@ 0000000180012b00     LIBCMT:winapinls.obj
 0002:00004b10       ??_C@_1M@NEIEMEGP@?$AAp?$AAl?$AA?9?$AAP?$AAL?$AA?$AA@ 0000000180012b10     LIBCMT:winapinls.obj
 0002:00004b20       ??_C@_1M@BOCFIGEP@?$AAp?$AAt?$AA?9?$AAB?$AAR?$AA?$AA@ 0000000180012b20     LIBCMT:winapinls.obj
 0002:00004b30       ??_C@_1M@IMPFOPBG@?$AAr?$AAo?$AA?9?$AAR?$AAO?$AA?$AA@ 0000000180012b30     LIBCMT:winapinls.obj
 0002:00004b40       ??_C@_1M@IDNNEJMM@?$AAr?$AAu?$AA?9?$AAR?$AAU?$AA?$AA@ 0000000180012b40     LIBCMT:winapinls.obj
 0002:00004b50       ??_C@_1M@LILEEOGM@?$AAh?$AAr?$AA?9?$AAH?$AAR?$AA?$AA@ 0000000180012b50     LIBCMT:winapinls.obj
 0002:00004b60       ??_C@_1M@FKIFEHPB@?$AAs?$AAk?$AA?9?$AAS?$AAK?$AA?$AA@ 0000000180012b60     LIBCMT:winapinls.obj
 0002:00004b70       ??_C@_1M@LJMAMNPJ@?$AAs?$AAq?$AA?9?$AAA?$AAL?$AA?$AA@ 0000000180012b70     LIBCMT:winapinls.obj
 0002:00004b80       ??_C@_1M@GIAKDKJK@?$AAs?$AAv?$AA?9?$AAS?$AAE?$AA?$AA@ 0000000180012b80     LIBCMT:winapinls.obj
 0002:00004b90       ??_C@_1M@MKJKIKCL@?$AAt?$AAh?$AA?9?$AAT?$AAH?$AA?$AA@ 0000000180012b90     LIBCMT:winapinls.obj
 0002:00004ba0       ??_C@_1M@MFLCCMPB@?$AAt?$AAr?$AA?9?$AAT?$AAR?$AA?$AA@ 0000000180012ba0     LIBCMT:winapinls.obj
 0002:00004bb0       ??_C@_1M@OIJHDKJN@?$AAu?$AAr?$AA?9?$AAP?$AAK?$AA?$AA@ 0000000180012bb0     LIBCMT:winapinls.obj
 0002:00004bc0       ??_C@_1M@LHIPCIEK@?$AAi?$AAd?$AA?9?$AAI?$AAD?$AA?$AA@ 0000000180012bc0     LIBCMT:winapinls.obj
 0002:00004bd0       ??_C@_1M@MFMOBGI@?$AAu?$AAk?$AA?9?$AAU?$AAA?$AA?$AA@ 0000000180012bd0     LIBCMT:winapinls.obj
 0002:00004be0       ??_C@_1M@OBGLJIPL@?$AAb?$AAe?$AA?9?$AAB?$AAY?$AA?$AA@ 0000000180012be0     LIBCMT:winapinls.obj
 0002:00004bf0       ??_C@_1M@BCFAJEAD@?$AAs?$AAl?$AA?9?$AAS?$AAI?$AA?$AA@ 0000000180012bf0     LIBCMT:winapinls.obj
 0002:00004c00       ??_C@_1M@FKFFEDDN@?$AAe?$AAt?$AA?9?$AAE?$AAE?$AA?$AA@ 0000000180012c00     LIBCMT:winapinls.obj
 0002:00004c10       ??_C@_1M@KGKKAACI@?$AAl?$AAv?$AA?9?$AAL?$AAV?$AA?$AA@ 0000000180012c10     LIBCMT:winapinls.obj
 0002:00004c20       ??_C@_1M@IFGBIJO@?$AAl?$AAt?$AA?9?$AAL?$AAT?$AA?$AA@ 0000000180012c20     LIBCMT:winapinls.obj
 0002:00004c30       ??_C@_1M@FGEAHEDM@?$AAf?$AAa?$AA?9?$AAI?$AAR?$AA?$AA@ 0000000180012c30     LIBCMT:winapinls.obj
 0002:00004c40       ??_C@_1M@KBMAIBFN@?$AAv?$AAi?$AA?9?$AAV?$AAN?$AA?$AA@ 0000000180012c40     LIBCMT:winapinls.obj
 0002:00004c50       ??_C@_1M@GPCBKDJK@?$AAh?$AAy?$AA?9?$AAA?$AAM?$AA?$AA@ 0000000180012c50     LIBCMT:winapinls.obj
 0002:00004c60       ??_C@_1BG@BECMDDJB@?$AAa?$AAz?$AA?9?$AAA?$AAZ?$AA?9?$AAL?$AAa?$AAt?$AAn?$AA?$AA@ 0000000180012c60     LIBCMT:winapinls.obj
[...]
 0004:0000009c       $pdata$3$?_Reallocate@?$vector@U?$pair@V?$basic_string@DU?$char_traits@D@std@@V?$allocator@D@2@@std@@V12@@std@@V?$allocator@U?$pair@V?$basic_string@DU?$char_traits@D@std@@V?$allocator@D@2@@std@@V12@@std@@@2@@std@@IEAAX_K@Z 000000018001b09c     index.obj
 0004:000000a8       $pdata$4$?_Reallocate@?$vector@U?$pair@V?$basic_string@DU?$char_traits@D@std@@V?$allocator@D@2@@std@@V12@@std@@V?$allocator@U?$pair@V?$basic_string@DU?$char_traits@D@std@@V?$allocator@D@2@@std@@V12@@std@@@2@@std@@IEAAX_K@Z 000000018001b0a8     index.obj
 0004:000000b4       $pdata$?_Copy@?$basic_string@DU?$char_traits@D@std@@V?$allocator@D@2@@std@@QEAAX_K0@Z 000000018001b0b4     index.obj
 0004:000000c0       $pdata$??$?0V?$basic_string@DU?$char_traits@D@std@@V?$allocator@D@2@@std@@V01@X@?$pair@V?$basic_string@DU?$char_traits@D@std@@V?$allocator@D@2@@std@@V12@@std@@QEAA@$$QEAU01@@Z 000000018001b0c0     index.obj
 0004:000000cc       $pdata$?load_exe_hook@@YAP6A_JXZIPEAUDelayLoadInfo@@@Z 000000018001b0cc     win_delay_load_hook.obj
 0004:000000e4       $pdata$??0bad_alloc@std@@QEAA@AEBV01@@Z 000000018001b0e4     libcpmt:xthrow.obj
 0004:000000f0       $pdata$??0length_error@std@@QEAA@AEBV01@@Z 000000018001b0f0     libcpmt:xthrow.obj
 0004:000000fc       $pdata$??0logic_error@std@@QEAA@AEBV01@@Z 000000018001b0fc     libcpmt:xthrow.obj
 0004:00000108       $pdata$??0out_of_range@std@@QEAA@AEBV01@@Z 000000018001b108     libcpmt:xthrow.obj
 0004:00000114       $pdata$??_Gbad_alloc@std@@UEAAPEAXI@Z 000000018001b114     libcpmt:xthrow.obj
 0004:00000120       $pdata$??_Gout_of_range@std@@UEAAPEAXI@Z 000000018001b120     libcpmt:xthrow.obj
 0004:00000120       $pdata$??_Glength_error@std@@UEAAPEAXI@Z 000000018001b120     libcpmt:xthrow.obj
 0004:00000120       $pdata$??_Glogic_error@std@@UEAAPEAXI@Z 000000018001b120     libcpmt:xthrow.obj
 0004:0000012c       $pdata$?_Xbad_alloc@std@@YAXXZ 000000018001b12c     libcpmt:xthrow.obj
 0004:00000138       $pdata$?_Xlength_error@std@@YAXPEBD@Z 000000018001b138     libcpmt:xthrow.obj
 0004:00000144       $pdata$?_Xout_of_range@std@@YAXPEBD@Z 000000018001b144     libcpmt:xthrow.obj
 0004:00000168       $pdata$__onexitinit        000000018001b168     LIBCMT:onexit.obj
 0004:00000174       $pdata$_onexit             000000018001b174     LIBCMT:onexit.obj
 0004:00000180       $pdata$atexit              000000018001b180     LIBCMT:onexit.obj
 0004:0000018c       $pdata$??2@YAPEAX_K@Z      000000018001b18c     LIBCMT:new.obj
 0004:00000198       $pdata$??0_LocaleUpdate@@QEAA@PEAUlocaleinfo_struct@@@Z 000000018001b198     LIBCMT:stricmp.obj
 0004:000001a4       $pdata$_stricmp            000000018001b1a4     LIBCMT:stricmp.obj
 0004:000001b0       $pdata$_stricmp_l          000000018001b1b0     LIBCMT:stricmp.obj
 0004:000001bc       $pdata$_CRT_INIT           000000018001b1bc     LIBCMT:dllcrt0.obj
 0004:000001c8       $pdata$_DllMainCRTStartup  000000018001b1c8     LIBCMT:dllcrt0.obj
 0004:000001d4       $pdata$__DllMainCRTStartup 000000018001b1d4     LIBCMT:dllcrt0.obj
 0004:000001ec       $pdata$_CxxThrowException  000000018001b1ec     LIBCMT:throw.obj
 0004:000001f8       $pdata$??_Gtype_info@@UEAAPEAXI@Z 000000018001b1f8     LIBCMT:typinfo.obj
 0004:00000204       $pdata$??0exception@std@@QEAA@AEBQEBD@Z 000000018001b204     LIBCMT:stdexcpt.obj
 0004:00000210       $pdata$??0exception@std@@QEAA@AEBV01@@Z 000000018001b210     LIBCMT:stdexcpt.obj
 0004:0000021c       $pdata$??4exception@std@@QEAAAEAV01@AEBV01@@Z 000000018001b21c     LIBCMT:stdexcpt.obj
 0004:00000228       $pdata$??_Gexception@std@@UEAAPEAXI@Z 000000018001b228     LIBCMT:stdexcpt.obj
 0004:00000234       $pdata$?_Copy_str@exception@std@@AEAAXPEBD@Z 000000018001b234     LIBCMT:stdexcpt.obj
 0004:00000240       $pdata$?_Tidy@exception@std@@AEAAXXZ 000000018001b240     LIBCMT:stdexcpt.obj
 0004:0000024c       $pdata$__raise_securityfailure 000000018001b24c     LIBCMT:gs_report.obj
 0004:00000258       $pdata$__report_gsfailure  000000018001b258     LIBCMT:gs_report.obj
 0004:00000264       $pdata$__isa_available_init 000000018001b264     LIBCMT:cpu_disp.obj
 0004:00000270       $pdata$__crtCorExitProcess 000000018001b270     LIBCMT:crt0dat.obj
 0004:0000027c       $pdata$__crtExitProcess    000000018001b27c     LIBCMT:crt0dat.obj
 0004:00000288       $pdata$__freeCrtMemory     000000018001b288     LIBCMT:crt0dat.obj
 0004:00000294       $pdata$_amsg_exit          000000018001b294     LIBCMT:crt0dat.obj
 0004:000002a0       $pdata$_cinit              000000018001b2a0     LIBCMT:crt0dat.obj
 0004:000002ac       $pdata$_init_pointers      000000018001b2ac     LIBCMT:crt0dat.obj
 0004:000002b8       $pdata$_initterm           000000018001b2b8     LIBCMT:crt0dat.obj
 0004:000002c4       $pdata$_initterm_e         000000018001b2c4     LIBCMT:crt0dat.obj
 0004:000002d0       $pdata$doexit              000000018001b2d0     LIBCMT:crt0dat.obj
 0004:000002dc       $pdata$_msize              000000018001b2dc     LIBCMT:msize.obj
 0004:000002e8       $pdata$_calloc_crt         000000018001b2e8     LIBCMT:crtheap.obj
 0004:000002f4       $pdata$_malloc_crt         000000018001b2f4     LIBCMT:crtheap.obj
 0004:00000300       $pdata$_realloc_crt        000000018001b300     LIBCMT:crtheap.obj
 0004:0000030c       $pdata$__C_specific_handler 000000018001b30c     LIBCMT:chandler.obj
 0004:00000318       $pdata$abort               000000018001b318     LIBCMT:abort.obj
 0004:00000324       $pdata$free                000000018001b324     LIBCMT:free.obj
 0004:00000330       $pdata$malloc              000000018001b330     LIBCMT:malloc.obj
 0004:0000033c       $pdata$_callnewh           000000018001b33c     LIBCMT:handler.obj
 0004:00000348       $pdata$_call_reportfault   000000018001b348     LIBCMT:invarg.obj
 0004:00000354       $pdata$_invalid_parameter  000000018001b354     LIBCMT:invarg.obj
 0004:00000360       $pdata$_invalid_parameter_noinfo 000000018001b360     LIBCMT:invarg.obj
 0004:0000036c       $pdata$_invoke_watson      000000018001b36c     LIBCMT:invarg.obj
 0004:00000378       $pdata$__freetlocinfo      000000018001b378     LIBCMT:localref.obj
 0004:00000384       $pdata$__updatetlocinfo    000000018001b384     LIBCMT:localref.obj
 0004:00000390       $pdata$_updatetlocinfoEx_nolock 000000018001b390     LIBCMT:localref.obj
 0004:0000039c       $pdata$__initmbctable      000000018001b39c     LIBCMT:mbctype.obj
 0004:000003a8       $pdata$?getSystemCP@@YAHH@Z 000000018001b3a8     LIBCMT:mbctype.obj
 0004:000003b4       $pdata$?setSBCS@@YAXPEAUthreadmbcinfostruct@@@Z 000000018001b3b4     LIBCMT:mbctype.obj
 0004:000003c0       $pdata$?setSBUpLow@@YAXPEAUthreadmbcinfostruct@@@Z 000000018001b3c0     LIBCMT:mbctype.obj
 0004:000003cc       $pdata$__updatetmbcinfo    000000018001b3cc     LIBCMT:mbctype.obj
 0004:000003d8       $pdata$_setmbcp            000000018001b3d8     LIBCMT:mbctype.obj
 0004:000003e4       $pdata$_setmbcp_nolock     000000018001b3e4     LIBCMT:mbctype.obj
 0004:000003f0       $pdata$_tolower_l          000000018001b3f0     LIBCMT:tolower.obj
 0004:000003fc       $pdata$_freefls            000000018001b3fc     LIBCMT:tidtable.obj
 0004:00000408       $pdata$_freeptd            000000018001b408     LIBCMT:tidtable.obj
 0004:00000414       $pdata$_getptd             000000018001b414     LIBCMT:tidtable.obj
 0004:00000420       $pdata$_getptd_noexit      000000018001b420     LIBCMT:tidtable.obj
 0004:0000042c       $pdata$_initptd            000000018001b42c     LIBCMT:tidtable.obj
 0004:00000438       $pdata$_mtinit             000000018001b438     LIBCMT:tidtable.obj
 0004:00000444       $pdata$_mtterm             000000018001b444     LIBCMT:tidtable.obj
 0004:00000450       $pdata$__doserrno          000000018001b450     LIBCMT:dosmap.obj
 0004:0000045c       $pdata$_dosmaperr          000000018001b45c     LIBCMT:dosmap.obj
 0004:00000468       $pdata$_errno              000000018001b468     LIBCMT:dosmap.obj
 0004:00000474       $pdata$_locterm            000000018001b474     LIBCMT:wsetloca.obj
 0004:00000480       $pdata$_XcptFilter         000000018001b480     LIBCMT:winxfltr.obj
 0004:0000048c       $pdata$_heap_init          000000018001b48c     LIBCMT:heapinit.obj
 0004:00000498       $pdata$_ioinit             000000018001b498     LIBCMT:ioinit.obj
 0004:000004a4       $pdata$_ioterm             000000018001b4a4     LIBCMT:ioinit.obj
 0004:000004b0       $pdata$_setargv            000000018001b4b0     LIBCMT:stdargv.obj
 0004:000004bc       $pdata$parse_cmdline       000000018001b4bc     LIBCMT:stdargv.obj
 0004:000004c8       $pdata$_setenvp            000000018001b4c8     LIBCMT:stdenvp.obj
 0004:000004d4       $pdata$__security_init_cookie 000000018001b4d4     LIBCMT:gs_support.obj
 0004:000004e0       $pdata$__crtGetEnvironmentStringsA 000000018001b4e0     LIBCMT:a_env.obj
 0004:000004ec       $pdata$__crtCaptureCurrentContext 000000018001b4ec     LIBCMT:winapisupp.obj
 0004:000004f8       $pdata$__crtCapturePreviousContext 000000018001b4f8     LIBCMT:winapisupp.obj
 0004:00000504       $pdata$__crtInitializeCriticalSectionEx 000000018001b504     LIBCMT:winapisupp.obj
 0004:00000510       $pdata$__crtIsPackagedApp  000000018001b510     LIBCMT:winapisupp.obj
 0004:0000051c       $pdata$__crtLoadWinApiPointers 000000018001b51c     LIBCMT:winapisupp.obj
 0004:00000528       $pdata$__crtTerminateProcess 000000018001b528     LIBCMT:winapisupp.obj
 0004:00000534       $pdata$__crtUnhandledException 000000018001b534     LIBCMT:winapisupp.obj
 0004:00000540       $pdata$_RTC_Initialize     000000018001b540     LIBCMT:initsect.obj
 0004:0000054c       $pdata$_RTC_Terminate      000000018001b54c     LIBCMT:initsect.obj
 0004:00000558       $pdata$__DestructExceptionObject 000000018001b558     LIBCMT:frame.obj
 0004:00000564       $pdata$?terminate@@YAXXZ   000000018001b564     LIBCMT:hooks.obj
 0004:00000570       $pdata$_initp_eh_hooks     000000018001b570     LIBCMT:hooks.obj
 0004:0000057c       $pdata$__GSHandlerCheck    000000018001b57c     LIBCMT:gshandler.obj
 0004:00000588       $pdata$__GSHandlerCheckCommon 000000018001b588     LIBCMT:gshandler.obj
 0004:000005a0       $pdata$?_Type_info_dtor@type_info@@CAXPEAV1@@Z 000000018001b5a0     LIBCMT:typname.obj
 0004:000005ac       $pdata$_cfltcvt            000000018001b5ac     LIBCMT:cvt.obj
 0004:000005b8       $pdata$_cfltcvt_l          000000018001b5b8     LIBCMT:cvt.obj
 0004:000005c4       $pdata$_cftoa_l            000000018001b5c4     LIBCMT:cvt.obj
 0004:000005d0       $pdata$_cftoe2_l           000000018001b5d0     LIBCMT:cvt.obj
 0004:000005dc       $pdata$_cftoe_l            000000018001b5dc     LIBCMT:cvt.obj
 0004:000005e8       $pdata$_cftof2_l           000000018001b5e8     LIBCMT:cvt.obj
 0004:000005f4       $pdata$_cftof_l            000000018001b5f4     LIBCMT:cvt.obj
 0004:00000600       $pdata$_cftog_l            000000018001b600     LIBCMT:cvt.obj
 0004:0000060c       $pdata$_cropzeros_l        000000018001b60c     LIBCMT:cvt.obj
 0004:00000618       $pdata$_fassign_l          000000018001b618     LIBCMT:cvt.obj
 0004:00000624       $pdata$_forcdecpt_l        000000018001b624     LIBCMT:cvt.obj
 0004:00000630       $pdata$_initp_misc_cfltcvt_tab 000000018001b630     LIBCMT:cmiscdat.obj
 0004:0000063c       $pdata$strcpy_s            000000018001b63c     LIBCMT:strcpy_s.obj
 0004:00000648       $pdata$_lock               000000018001b648     LIBCMT:mlock.obj
 0004:00000654       $pdata$_mtdeletelocks      000000018001b654     LIBCMT:mlock.obj
 0004:00000660       $pdata$_mtinitlocknum      000000018001b660     LIBCMT:mlock.obj
 0004:0000066c       $pdata$_mtinitlocks        000000018001b66c     LIBCMT:mlock.obj
 0004:00000678       $pdata$_FF_MSGBANNER       000000018001b678     LIBCMT:crt0msg.obj
 0004:00000684       $pdata$_NMSG_WRITE         000000018001b684     LIBCMT:crt0msg.obj
 0004:00000690       $pdata$_IsNonwritableInCurrentImage 000000018001b690     LIBCMT:pesect.obj
 0004:0000069c       $pdata$raise               000000018001b69c     LIBCMT:winsig.obj
 0004:000006a8       $pdata$realloc             000000018001b6a8     LIBCMT:realloc.obj
 0004:000006b4       $pdata$_calloc_impl        000000018001b6b4     LIBCMT:calloc_impl.obj
 0004:000006f0       $pdata$GetTableIndexFromLocaleName 000000018001b6f0     LIBCMT:winapinls.obj
 0004:000006fc       $pdata$__crtDownlevelLocaleNameToLCID 000000018001b6fc     LIBCMT:winapinls.obj
 0004:00000708       $pdata$__crtLCMapStringEx  000000018001b708     LIBCMT:winapinls.obj
 0004:0000072c       $pdata$__free_lconv_mon    000000018001b72c     LIBCMT:initmon.obj
 0004:00000738       $pdata$__free_lconv_num    000000018001b738     LIBCMT:initnum.obj
 0004:00000744       $pdata$__free_lc_time      000000018001b744     LIBCMT:inittime.obj
 0004:00000750       $pdata$?__crtLCMapStringA_stat@@YAHPEAUlocaleinfo_struct@@PEB_WKPEBDHPEADHHH@Z 000000018001b750     LIBCMT:a_map.obj
 0004:0000075c       $pdata$__crtLCMapStringA   000000018001b75c     LIBCMT:a_map.obj
 0004:00000768       $pdata$?__crtGetStringTypeA_stat@@YAHPEAUlocaleinfo_struct@@KPEBDHPEAGHH@Z 000000018001b768     LIBCMT:a_str.obj
 0004:00000774       $pdata$__crtGetStringTypeA 000000018001b774     LIBCMT:a_str.obj
 0004:00000780       $pdata$_isctype_l          000000018001b780     LIBCMT:isctype.obj
 0004:0000078c       $pdata$_isleadbyte_l       000000018001b78c     LIBCMT:_wctype.obj
 0004:00000798       $pdata$isleadbyte          000000018001b798     LIBCMT:_wctype.obj
 0004:000007b0       $pdata$wcscat_s            000000018001b7b0     LIBCMT:wcscat_s.obj
 0004:000007bc       $pdata$wcscpy_s            000000018001b7bc     LIBCMT:wcscpy_s.obj
 0004:000007c8       $pdata$wcsncpy_s           000000018001b7c8     LIBCMT:wcsncpy_s.obj
 0004:000007d4       $pdata$__initstdio         000000018001b7d4     LIBCMT:_file.obj
 0004:000007e0       $pdata$__endstdio          000000018001b7e0     LIBCMT:_file.obj
 0004:000007ec       $pdata$_lock_file          000000018001b7ec     LIBCMT:_file.obj
 0004:000007f8       $pdata$_lock_file2         000000018001b7f8     LIBCMT:_file.obj
 0004:00000804       $pdata$?x_ismbbtype_l@@YAHPEAUlocaleinfo_struct@@IHH@Z 000000018001b804     LIBCMT:ismbbyte.obj
 0004:0000081c       $pdata$isdigit             000000018001b81c     LIBCMT:_ctype.obj
 0004:00000828       $pdata$strrchr             000000018001b828     LIBCMT:strrchr.obj
 0004:00000834       $pdata$_fptostr            000000018001b834     LIBCMT:_fptostr.obj
 0004:00000840       $pdata$__crt_atoflt_l      000000018001b840     LIBCMT:atodbl.obj
 0004:0000084c       $pdata$_atodbl_l           000000018001b84c     LIBCMT:atodbl.obj
 0004:00000858       $pdata$__dtold             000000018001b858     LIBCMT:cfout.obj
 0004:00000864       $pdata$_fltout2            000000018001b864     LIBCMT:cfout.obj
 0004:00000870       $pdata$_set_error_mode     000000018001b870     LIBCMT:errmode.obj
 0004:0000087c       $pdata$__crtMessageBoxW    000000018001b87c     LIBCMT:crtmboxw.obj
 0004:00000888       $pdata$_fileno             000000018001b888     LIBCMT:fileno.obj
 0004:00000894       $pdata$_isatty             000000018001b894     LIBCMT:isatty.obj
 0004:000008a0       $pdata$_fflush_nolock      000000018001b8a0     LIBCMT:fflush.obj
 0004:000008ac       $pdata$_flush              000000018001b8ac     LIBCMT:fflush.obj
 0004:000008b8       $pdata$flsall              000000018001b8b8     LIBCMT:fflush.obj
 0004:000008d0       $pdata$_fcloseall          000000018001b8d0     LIBCMT:closeall.obj
 0004:000008dc       $pdata$_ld12tod            000000018001b8dc     LIBCMT:intrncvt.obj
 0004:000008e8       $pdata$_ld12tof            000000018001b8e8     LIBCMT:intrncvt.obj
 0004:000008f4       $pdata$__strgtold12_l      000000018001b8f4     LIBCMT:strgtold.obj
 0004:00000900       $pdata$$I10_OUTPUT         000000018001b900     LIBCMT:x10fout.obj
 0004:0000090c       $pdata$_commit             000000018001b90c     LIBCMT:commit.obj
 0004:00000918       $pdata$_write              000000018001b918     LIBCMT:write.obj
 0004:00000924       $pdata$_write_nolock       000000018001b924     LIBCMT:write.obj
 0004:00000930       $pdata$_fclose_nolock      000000018001b930     LIBCMT:fclose.obj
 0004:0000093c       $pdata$fclose              000000018001b93c     LIBCMT:fclose.obj
 0004:00000948       $pdata$__mtold12           000000018001b948     LIBCMT:mantold.obj
 0004:00000954       $pdata$__lock_fhandle      000000018001b954     LIBCMT:osfinfo.obj
 0004:00000960       $pdata$_free_osfhnd        000000018001b960     LIBCMT:osfinfo.obj
 0004:0000096c       $pdata$_get_osfhandle      000000018001b96c     LIBCMT:osfinfo.obj
 0004:00000978       $pdata$_lseeki64_nolock    000000018001b978     LIBCMT:lseeki64.obj
 0004:00000984       $pdata$_mbtowc_l           000000018001b984     LIBCMT:mbtowc.obj
 0004:00000990       $pdata$_putwch_nolock      000000018001b990     LIBCMT:putwch.obj
 0004:0000099c       $pdata$_close              000000018001b99c     LIBCMT:close.obj
 0004:000009a8       $pdata$_close_nolock       000000018001b9a8     LIBCMT:close.obj
 0004:000009b4       $pdata$_freebuf            000000018001b9b4     LIBCMT:_freebuf.obj
 0004:000009c0       $pdata$__termconout        000000018001b9c0     LIBCMT:initcon.obj
 0004:000009cc       $pdata$__initconout        000000018001b9cc     LIBCMT:initcon.obj
 0004:000009d8       $pdata$__delayLoadHelper2  000000018001b9d8     DelayImp:delayhlp.obj
 0004:000009e4       $pdata$_onexit$fin$0       000000018001b9e4     LIBCMT:onexit.obj
 0004:000009f0       $pdata$_CRT_INIT$fin$0     000000018001b9f0     LIBCMT:dllcrt0.obj
 0004:000009fc       $pdata$__DllMainCRTStartup$filt$0 000000018001b9fc     LIBCMT:dllcrt0.obj
 0004:00000a08       $pdata$doexit$fin$0        000000018001ba08     LIBCMT:crt0dat.obj
 0004:00000a14       $pdata$__updatetmbcinfo$fin$0 000000018001ba14     LIBCMT:mbctype.obj
 0004:00000a14       $pdata$_setmbcp$fin$0      000000018001ba14     LIBCMT:mbctype.obj
 0004:00000a20       $pdata$_initptd$fin$1      000000018001ba20     LIBCMT:tidtable.obj
 0004:00000a20       $pdata$_freefls$fin$1      000000018001ba20     LIBCMT:tidtable.obj
 0004:00000a2c       $pdata$_initptd$fin$0      000000018001ba2c     LIBCMT:tidtable.obj
 0004:00000a2c       $pdata$_freefls$fin$0      000000018001ba2c     LIBCMT:tidtable.obj
 0004:00000a38       $pdata$__updatetlocinfo$fin$0 000000018001ba38     LIBCMT:wsetloca.obj
 0004:00000a38       $pdata$_locterm$fin$0      000000018001ba38     LIBCMT:wsetloca.obj
 0004:00000a44       $pdata$_ioinit$fin$0       000000018001ba44     LIBCMT:ioinit.obj
 0004:00000a50       $pdata$__DestructExceptionObject$filt$0 000000018001ba50     LIBCMT:frame.obj
 0004:00000a5c       $pdata$?fin$0@?0??_Type_info_dtor@type_info@@CAXPEAV1@@Z@4HA 000000018001ba5c     LIBCMT:typname.obj
 0004:00000a68       $pdata$_mtinitlocknum$fin$0 000000018001ba68     LIBCMT:mlock.obj
 0004:00000a74       $pdata$_IsNonwritableInCurrentImage$filt$0 000000018001ba74     LIBCMT:pesect.obj
 0004:00000a80       $pdata$raise$fin$0         000000018001ba80     LIBCMT:winsig.obj
 0004:00000a8c       $pdata$flsall$fin$0        000000018001ba8c     LIBCMT:fflush.obj
 0004:00000a98       $pdata$flsall$fin$1        000000018001ba98     LIBCMT:fflush.obj
 0004:00000aa4       $pdata$_fcloseall$fin$0    000000018001baa4     LIBCMT:closeall.obj
 0004:00000ab0       $pdata$_write$fin$0        000000018001bab0     LIBCMT:write.obj
 0004:00000abc       $pdata$fclose$fin$0        000000018001babc     LIBCMT:fclose.obj
 0004:00000ac8       $pdata$__lock_fhandle$fin$0 000000018001bac8     LIBCMT:osfinfo.obj
 0004:00000ad4       $pdata$_commit$fin$0       000000018001bad4     LIBCMT:close.obj
 0004:00000ad4       $pdata$_close$fin$0        000000018001bad4     LIBCMT:close.obj
 0005:00000060       $R000000                   000000018001c060     * linker generated manifest res *

 Exports

  ordinal    name

        1    _register_index_
